Archive member included to satisfy reference by file (symbol)

d:/gcc-arm-none-eabi-10.3-2021.10/bin/../lib/gcc/arm-none-eabi/10.3.1/thumb/v7e-m/nofp\libgcc.a(_aeabi_ldivmod.o)
                              CMakeFiles/LCD.elf.dir/Core/Src/lvgl/src/misc/lv_math.c.obj (__aeabi_ldivmod)
d:/gcc-arm-none-eabi-10.3-2021.10/bin/../lib/gcc/arm-none-eabi/10.3.1/thumb/v7e-m/nofp\libgcc.a(_aeabi_uldivmod.o)
                              CMakeFiles/LCD.elf.dir/Core/Src/lvgl/src/stdlib/builtin/lv_mem_core_builtin.c.obj (__aeabi_uldivmod)
d:/gcc-arm-none-eabi-10.3-2021.10/bin/../lib/gcc/arm-none-eabi/10.3.1/thumb/v7e-m/nofp\libgcc.a(_udivmoddi4.o)
                              d:/gcc-arm-none-eabi-10.3-2021.10/bin/../lib/gcc/arm-none-eabi/10.3.1/thumb/v7e-m/nofp\libgcc.a(_aeabi_ldivmod.o) (__udivmoddi4)
d:/gcc-arm-none-eabi-10.3-2021.10/bin/../lib/gcc/arm-none-eabi/10.3.1/thumb/v7e-m/nofp\libgcc.a(_dvmd_tls.o)
                              d:/gcc-arm-none-eabi-10.3-2021.10/bin/../lib/gcc/arm-none-eabi/10.3.1/thumb/v7e-m/nofp\libgcc.a(_aeabi_ldivmod.o) (__aeabi_ldiv0)
d:/gcc-arm-none-eabi-10.3-2021.10/bin/../lib/gcc/arm-none-eabi/10.3.1/../../../../arm-none-eabi/lib/thumb/v7e-m/nofp\libg.a(lib_a-errno.o)
                              CMakeFiles/LCD.elf.dir/Core/Src/syscalls.c.obj (__errno)
d:/gcc-arm-none-eabi-10.3-2021.10/bin/../lib/gcc/arm-none-eabi/10.3.1/../../../../arm-none-eabi/lib/thumb/v7e-m/nofp\libg.a(lib_a-exit.o)
                              d:/gcc-arm-none-eabi-10.3-2021.10/bin/../lib/gcc/arm-none-eabi/10.3.1/../../../../arm-none-eabi/lib/thumb/v7e-m/nofp/crt0.o (exit)
d:/gcc-arm-none-eabi-10.3-2021.10/bin/../lib/gcc/arm-none-eabi/10.3.1/../../../../arm-none-eabi/lib/thumb/v7e-m/nofp\libg.a(lib_a-impure.o)
                              d:/gcc-arm-none-eabi-10.3-2021.10/bin/../lib/gcc/arm-none-eabi/10.3.1/../../../../arm-none-eabi/lib/thumb/v7e-m/nofp\libg.a(lib_a-exit.o) (_global_impure_ptr)
d:/gcc-arm-none-eabi-10.3-2021.10/bin/../lib/gcc/arm-none-eabi/10.3.1/../../../../arm-none-eabi/lib/thumb/v7e-m/nofp\libg.a(lib_a-init.o)
                              d:/gcc-arm-none-eabi-10.3-2021.10/bin/../lib/gcc/arm-none-eabi/10.3.1/../../../../arm-none-eabi/lib/thumb/v7e-m/nofp/crt0.o (__libc_init_array)
d:/gcc-arm-none-eabi-10.3-2021.10/bin/../lib/gcc/arm-none-eabi/10.3.1/../../../../arm-none-eabi/lib/thumb/v7e-m/nofp\libg.a(lib_a-memcpy.o)
                              CMakeFiles/LCD.elf.dir/Core/Src/lvgl/src/draw/sw/lv_draw_sw_img.c.obj (memcpy)
d:/gcc-arm-none-eabi-10.3-2021.10/bin/../lib/gcc/arm-none-eabi/10.3.1/../../../../arm-none-eabi/lib/thumb/v7e-m/nofp\libg.a(lib_a-memset.o)
                              d:/gcc-arm-none-eabi-10.3-2021.10/bin/../lib/gcc/arm-none-eabi/10.3.1/../../../../arm-none-eabi/lib/thumb/v7e-m/nofp/crt0.o (memset)
d:/gcc-arm-none-eabi-10.3-2021.10/bin/../lib/gcc/arm-none-eabi/10.3.1/../../../../arm-none-eabi/lib/thumb/v7e-m/nofp\libg.a(lib_a-__call_atexit.o)
                              d:/gcc-arm-none-eabi-10.3-2021.10/bin/../lib/gcc/arm-none-eabi/10.3.1/../../../../arm-none-eabi/lib/thumb/v7e-m/nofp\libg.a(lib_a-exit.o) (__call_exitprocs)
d:/gcc-arm-none-eabi-10.3-2021.10/bin/../lib/gcc/arm-none-eabi/10.3.1/../../../../arm-none-eabi/lib/thumb/v7e-m/nofp\libg.a(lib_a-atexit.o)
                              d:/gcc-arm-none-eabi-10.3-2021.10/bin/../lib/gcc/arm-none-eabi/10.3.1/../../../../arm-none-eabi/lib/thumb/v7e-m/nofp\libg.a(lib_a-__call_atexit.o) (atexit)
d:/gcc-arm-none-eabi-10.3-2021.10/bin/../lib/gcc/arm-none-eabi/10.3.1/../../../../arm-none-eabi/lib/thumb/v7e-m/nofp\libg.a(lib_a-fini.o)
                              d:/gcc-arm-none-eabi-10.3-2021.10/bin/../lib/gcc/arm-none-eabi/10.3.1/../../../../arm-none-eabi/lib/thumb/v7e-m/nofp\libg.a(lib_a-__call_atexit.o) (__libc_fini_array)
d:/gcc-arm-none-eabi-10.3-2021.10/bin/../lib/gcc/arm-none-eabi/10.3.1/../../../../arm-none-eabi/lib/thumb/v7e-m/nofp\libg.a(lib_a-lock.o)
                              d:/gcc-arm-none-eabi-10.3-2021.10/bin/../lib/gcc/arm-none-eabi/10.3.1/../../../../arm-none-eabi/lib/thumb/v7e-m/nofp\libg.a(lib_a-__call_atexit.o) (__retarget_lock_acquire_recursive)
d:/gcc-arm-none-eabi-10.3-2021.10/bin/../lib/gcc/arm-none-eabi/10.3.1/../../../../arm-none-eabi/lib/thumb/v7e-m/nofp\libg.a(lib_a-__atexit.o)
                              d:/gcc-arm-none-eabi-10.3-2021.10/bin/../lib/gcc/arm-none-eabi/10.3.1/../../../../arm-none-eabi/lib/thumb/v7e-m/nofp\libg.a(lib_a-atexit.o) (__register_exitproc)

Discarded input sections

 .text          0x00000000        0x0 d:/gcc-arm-none-eabi-10.3-2021.10/bin/../lib/gcc/arm-none-eabi/10.3.1/thumb/v7e-m/nofp/crti.o
 .data          0x00000000        0x0 d:/gcc-arm-none-eabi-10.3-2021.10/bin/../lib/gcc/arm-none-eabi/10.3.1/thumb/v7e-m/nofp/crti.o
 .bss           0x00000000        0x0 d:/gcc-arm-none-eabi-10.3-2021.10/bin/../lib/gcc/arm-none-eabi/10.3.1/thumb/v7e-m/nofp/crti.o
[...]
Memory Configuration

Name             Origin             Length             Attributes
RAM              0x20000000         0x00018000         xrw
RAM2             0x10000000         0x00008000         xrw
FLASH            0x08000000         0x00100000         xr
*default*        0x00000000         0xffffffff

Linker script and memory map

LOAD d:/gcc-arm-none-eabi-10.3-2021.10/bin/../lib/gcc/arm-none-eabi/10.3.1/thumb/v7e-m/nofp/crti.o
LOAD d:/gcc-arm-none-eabi-10.3-2021.10/bin/../lib/gcc/arm-none-eabi/10.3.1/thumb/v7e-m/nofp/crtbegin.o
LOAD d:/gcc-arm-none-eabi-10.3-2021.10/bin/../lib/gcc/arm-none-eabi/10.3.1/../../../../arm-none-eabi/lib/thumb/v7e-m/nofp/crt0.o
LOAD CMakeFiles/LCD.elf.dir/Core/Src/lvgl/port/lv_port_disp.c.obj
LOAD CMakeFiles/LCD.elf.dir/Core/Src/lvgl/port/lv_port_fs.c.obj
LOAD CMakeFiles/LCD.elf.dir/Core/Src/lvgl/port/lv_port_indev.c.obj
LOAD CMakeFiles/LCD.elf.dir/Core/Src/lvgl/port/lv_port_lcd_stm32.c.obj
LOAD CMakeFiles/LCD.elf.dir/Core/Src/lvgl/src/core/lv_group.c.obj
LOAD CMakeFiles/LCD.elf.dir/Core/Src/lvgl/src/core/lv_obj.c.obj
LOAD CMakeFiles/LCD.elf.dir/Core/Src/lvgl/src/core/lv_obj_class.c.obj
LOAD CMakeFiles/LCD.elf.dir/Core/Src/lvgl/src/core/lv_obj_draw.c.obj
LOAD CMakeFiles/LCD.elf.dir/Core/Src/lvgl/src/core/lv_obj_event.c.obj
LOAD CMakeFiles/LCD.elf.dir/Core/Src/lvgl/src/core/lv_obj_id_builtin.c.obj
LOAD CMakeFiles/LCD.elf.dir/Core/Src/lvgl/src/core/lv_obj_pos.c.obj
LOAD CMakeFiles/LCD.elf.dir/Core/Src/lvgl/src/core/lv_obj_property.c.obj
LOAD CMakeFiles/LCD.elf.dir/Core/Src/lvgl/src/core/lv_obj_scroll.c.obj
LOAD CMakeFiles/LCD.elf.dir/Core/Src/lvgl/src/core/lv_obj_style.c.obj
LOAD CMakeFiles/LCD.elf.dir/Core/Src/lvgl/src/core/lv_obj_style_gen.c.obj
LOAD CMakeFiles/LCD.elf.dir/Core/Src/lvgl/src/core/lv_obj_tree.c.obj
LOAD CMakeFiles/LCD.elf.dir/Core/Src/lvgl/src/core/lv_refr.c.obj
LOAD CMakeFiles/LCD.elf.dir/Core/Src/lvgl/src/display/lv_display.c.obj
LOAD CMakeFiles/LCD.elf.dir/Core/Src/lvgl/src/draw/lv_draw.c.obj
LOAD CMakeFiles/LCD.elf.dir/Core/Src/lvgl/src/draw/lv_draw_arc.c.obj
LOAD CMakeFiles/LCD.elf.dir/Core/Src/lvgl/src/draw/lv_draw_buf.c.obj
LOAD CMakeFiles/LCD.elf.dir/Core/Src/lvgl/src/draw/lv_draw_image.c.obj
LOAD CMakeFiles/LCD.elf.dir/Core/Src/lvgl/src/draw/lv_draw_label.c.obj
LOAD CMakeFiles/LCD.elf.dir/Core/Src/lvgl/src/draw/lv_draw_line.c.obj
LOAD CMakeFiles/LCD.elf.dir/Core/Src/lvgl/src/draw/lv_draw_mask.c.obj
LOAD CMakeFiles/LCD.elf.dir/Core/Src/lvgl/src/draw/lv_draw_rect.c.obj
LOAD CMakeFiles/LCD.elf.dir/Core/Src/lvgl/src/draw/lv_draw_triangle.c.obj
LOAD CMakeFiles/LCD.elf.dir/Core/Src/lvgl/src/draw/lv_draw_vector.c.obj
LOAD CMakeFiles/LCD.elf.dir/Core/Src/lvgl/src/draw/lv_image_decoder.c.obj
LOAD CMakeFiles/LCD.elf.dir/Core/Src/lvgl/src/draw/nxp/pxp/lv_draw_buf_pxp.c.obj
LOAD CMakeFiles/LCD.elf.dir/Core/Src/lvgl/src/draw/nxp/pxp/lv_draw_pxp.c.obj
LOAD CMakeFiles/LCD.elf.dir/Core/Src/lvgl/src/draw/nxp/pxp/lv_draw_pxp_fill.c.obj
LOAD CMakeFiles/LCD.elf.dir/Core/Src/lvgl/src/draw/nxp/pxp/lv_draw_pxp_img.c.obj
LOAD CMakeFiles/LCD.elf.dir/Core/Src/lvgl/src/draw/nxp/pxp/lv_draw_pxp_layer.c.obj
LOAD CMakeFiles/LCD.elf.dir/Core/Src/lvgl/src/draw/nxp/pxp/lv_pxp_cfg.c.obj
LOAD CMakeFiles/LCD.elf.dir/Core/Src/lvgl/src/draw/nxp/pxp/lv_pxp_osa.c.obj
LOAD CMakeFiles/LCD.elf.dir/Core/Src/lvgl/src/draw/nxp/pxp/lv_pxp_utils.c.obj
LOAD CMakeFiles/LCD.elf.dir/Core/Src/lvgl/src/draw/nxp/vglite/lv_draw_buf_vglite.c.obj
LOAD CMakeFiles/LCD.elf.dir/Core/Src/lvgl/src/draw/nxp/vglite/lv_draw_vglite.c.obj
LOAD CMakeFiles/LCD.elf.dir/Core/Src/lvgl/src/draw/nxp/vglite/lv_draw_vglite_arc.c.obj
LOAD CMakeFiles/LCD.elf.dir/Core/Src/lvgl/src/draw/nxp/vglite/lv_draw_vglite_border.c.obj
LOAD CMakeFiles/LCD.elf.dir/Core/Src/lvgl/src/draw/nxp/vglite/lv_draw_vglite_fill.c.obj
LOAD CMakeFiles/LCD.elf.dir/Core/Src/lvgl/src/draw/nxp/vglite/lv_draw_vglite_img.c.obj
LOAD CMakeFiles/LCD.elf.dir/Core/Src/lvgl/src/draw/nxp/vglite/lv_draw_vglite_label.c.obj
LOAD CMakeFiles/LCD.elf.dir/Core/Src/lvgl/src/draw/nxp/vglite/lv_draw_vglite_layer.c.obj
LOAD CMakeFiles/LCD.elf.dir/Core/Src/lvgl/src/draw/nxp/vglite/lv_draw_vglite_line.c.obj
LOAD CMakeFiles/LCD.elf.dir/Core/Src/lvgl/src/draw/nxp/vglite/lv_draw_vglite_triangle.c.obj
LOAD CMakeFiles/LCD.elf.dir/Core/Src/lvgl/src/draw/nxp/vglite/lv_vglite_buf.c.obj
LOAD CMakeFiles/LCD.elf.dir/Core/Src/lvgl/src/draw/nxp/vglite/lv_vglite_matrix.c.obj
LOAD CMakeFiles/LCD.elf.dir/Core/Src/lvgl/src/draw/nxp/vglite/lv_vglite_path.c.obj
LOAD CMakeFiles/LCD.elf.dir/Core/Src/lvgl/src/draw/nxp/vglite/lv_vglite_utils.c.obj
LOAD CMakeFiles/LCD.elf.dir/Core/Src/lvgl/src/draw/renesas/dave2d/lv_draw_dave2d.c.obj
LOAD CMakeFiles/LCD.elf.dir/Core/Src/lvgl/src/draw/renesas/dave2d/lv_draw_dave2d_arc.c.obj
LOAD CMakeFiles/LCD.elf.dir/Core/Src/lvgl/src/draw/renesas/dave2d/lv_draw_dave2d_border.c.obj
LOAD CMakeFiles/LCD.elf.dir/Core/Src/lvgl/src/draw/renesas/dave2d/lv_draw_dave2d_fill.c.obj
LOAD CMakeFiles/LCD.elf.dir/Core/Src/lvgl/src/draw/renesas/dave2d/lv_draw_dave2d_image.c.obj
LOAD CMakeFiles/LCD.elf.dir/Core/Src/lvgl/src/draw/renesas/dave2d/lv_draw_dave2d_label.c.obj
LOAD CMakeFiles/LCD.elf.dir/Core/Src/lvgl/src/draw/renesas/dave2d/lv_draw_dave2d_line.c.obj
LOAD CMakeFiles/LCD.elf.dir/Core/Src/lvgl/src/draw/renesas/dave2d/lv_draw_dave2d_mask_rectangle.c.obj
LOAD CMakeFiles/LCD.elf.dir/Core/Src/lvgl/src/draw/renesas/dave2d/lv_draw_dave2d_triangle.c.obj
LOAD CMakeFiles/LCD.elf.dir/Core/Src/lvgl/src/draw/renesas/dave2d/lv_draw_dave2d_utils.c.obj
LOAD CMakeFiles/LCD.elf.dir/Core/Src/lvgl/src/draw/sdl/lv_draw_sdl.c.obj
LOAD CMakeFiles/LCD.elf.dir/Core/Src/lvgl/src/draw/sw/blend/helium/lv_blend_helium.S.obj
LOAD CMakeFiles/LCD.elf.dir/Core/Src/lvgl/src/draw/sw/blend/lv_draw_sw_blend.c.obj
LOAD CMakeFiles/LCD.elf.dir/Core/Src/lvgl/src/draw/sw/blend/lv_draw_sw_blend_to_al88.c.obj
LOAD CMakeFiles/LCD.elf.dir/Core/Src/lvgl/src/draw/sw/blend/lv_draw_sw_blend_to_argb8888.c.obj
LOAD CMakeFiles/LCD.elf.dir/Core/Src/lvgl/src/draw/sw/blend/lv_draw_sw_blend_to_i1.c.obj
LOAD CMakeFiles/LCD.elf.dir/Core/Src/lvgl/src/draw/sw/blend/lv_draw_sw_blend_to_l8.c.obj
LOAD CMakeFiles/LCD.elf.dir/Core/Src/lvgl/src/draw/sw/blend/lv_draw_sw_blend_to_rgb565.c.obj
LOAD CMakeFiles/LCD.elf.dir/Core/Src/lvgl/src/draw/sw/blend/lv_draw_sw_blend_to_rgb888.c.obj
LOAD CMakeFiles/LCD.elf.dir/Core/Src/lvgl/src/draw/sw/blend/neon/lv_blend_neon.S.obj
LOAD CMakeFiles/LCD.elf.dir/Core/Src/lvgl/src/draw/sw/lv_draw_sw.c.obj
LOAD CMakeFiles/LCD.elf.dir/Core/Src/lvgl/src/draw/sw/lv_draw_sw_arc.c.obj
LOAD CMakeFiles/LCD.elf.dir/Core/Src/lvgl/src/draw/sw/lv_draw_sw_border.c.obj
LOAD CMakeFiles/LCD.elf.dir/Core/Src/lvgl/src/draw/sw/lv_draw_sw_box_shadow.c.obj
LOAD CMakeFiles/LCD.elf.dir/Core/Src/lvgl/src/draw/sw/lv_draw_sw_fill.c.obj
LOAD CMakeFiles/LCD.elf.dir/Core/Src/lvgl/src/draw/sw/lv_draw_sw_gradient.c.obj
LOAD CMakeFiles/LCD.elf.dir/Core/Src/lvgl/src/draw/sw/lv_draw_sw_img.c.obj
LOAD CMakeFiles/LCD.elf.dir/Core/Src/lvgl/src/draw/sw/lv_draw_sw_letter.c.obj
LOAD CMakeFiles/LCD.elf.dir/Core/Src/lvgl/src/draw/sw/lv_draw_sw_line.c.obj
LOAD CMakeFiles/LCD.elf.dir/Core/Src/lvgl/src/draw/sw/lv_draw_sw_mask.c.obj
LOAD CMakeFiles/LCD.elf.dir/Core/Src/lvgl/src/draw/sw/lv_draw_sw_mask_rect.c.obj
LOAD CMakeFiles/LCD.elf.dir/Core/Src/lvgl/src/draw/sw/lv_draw_sw_transform.c.obj
LOAD CMakeFiles/LCD.elf.dir/Core/Src/lvgl/src/draw/sw/lv_draw_sw_triangle.c.obj
LOAD CMakeFiles/LCD.elf.dir/Core/Src/lvgl/src/draw/sw/lv_draw_sw_vector.c.obj
LOAD CMakeFiles/LCD.elf.dir/Core/Src/lvgl/src/draw/vg_lite/lv_draw_buf_vg_lite.c.obj
LOAD CMakeFiles/LCD.elf.dir/Core/Src/lvgl/src/draw/vg_lite/lv_draw_vg_lite.c.obj
LOAD CMakeFiles/LCD.elf.dir/Core/Src/lvgl/src/draw/vg_lite/lv_draw_vg_lite_arc.c.obj
LOAD CMakeFiles/LCD.elf.dir/Core/Src/lvgl/src/draw/vg_lite/lv_draw_vg_lite_border.c.obj
LOAD CMakeFiles/LCD.elf.dir/Core/Src/lvgl/src/draw/vg_lite/lv_draw_vg_lite_box_shadow.c.obj
LOAD CMakeFiles/LCD.elf.dir/Core/Src/lvgl/src/draw/vg_lite/lv_draw_vg_lite_fill.c.obj
LOAD CMakeFiles/LCD.elf.dir/Core/Src/lvgl/src/draw/vg_lite/lv_draw_vg_lite_img.c.obj
LOAD CMakeFiles/LCD.elf.dir/Core/Src/lvgl/src/draw/vg_lite/lv_draw_vg_lite_label.c.obj
LOAD CMakeFiles/LCD.elf.dir/Core/Src/lvgl/src/draw/vg_lite/lv_draw_vg_lite_layer.c.obj
LOAD CMakeFiles/LCD.elf.dir/Core/Src/lvgl/src/draw/vg_lite/lv_draw_vg_lite_line.c.obj
LOAD CMakeFiles/LCD.elf.dir/Core/Src/lvgl/src/draw/vg_lite/lv_draw_vg_lite_mask_rect.c.obj
LOAD CMakeFiles/LCD.elf.dir/Core/Src/lvgl/src/draw/vg_lite/lv_draw_vg_lite_triangle.c.obj
LOAD CMakeFiles/LCD.elf.dir/Core/Src/lvgl/src/draw/vg_lite/lv_draw_vg_lite_vector.c.obj
LOAD CMakeFiles/LCD.elf.dir/Core/Src/lvgl/src/draw/vg_lite/lv_vg_lite_decoder.c.obj
LOAD CMakeFiles/LCD.elf.dir/Core/Src/lvgl/src/draw/vg_lite/lv_vg_lite_grad.c.obj
LOAD CMakeFiles/LCD.elf.dir/Core/Src/lvgl/src/draw/vg_lite/lv_vg_lite_math.c.obj
LOAD CMakeFiles/LCD.elf.dir/Core/Src/lvgl/src/draw/vg_lite/lv_vg_lite_path.c.obj
LOAD CMakeFiles/LCD.elf.dir/Core/Src/lvgl/src/draw/vg_lite/lv_vg_lite_pending.c.obj
LOAD CMakeFiles/LCD.elf.dir/Core/Src/lvgl/src/draw/vg_lite/lv_vg_lite_stroke.c.obj
LOAD CMakeFiles/LCD.elf.dir/Core/Src/lvgl/src/draw/vg_lite/lv_vg_lite_utils.c.obj
LOAD CMakeFiles/LCD.elf.dir/Core/Src/lvgl/src/drivers/display/drm/lv_linux_drm.c.obj
LOAD CMakeFiles/LCD.elf.dir/Core/Src/lvgl/src/drivers/display/fb/lv_linux_fbdev.c.obj
LOAD CMakeFiles/LCD.elf.dir/Core/Src/lvgl/src/drivers/display/ili9341/lv_ili9341.c.obj
LOAD CMakeFiles/LCD.elf.dir/Core/Src/lvgl/src/drivers/display/lcd/lv_lcd_generic_mipi.c.obj
LOAD CMakeFiles/LCD.elf.dir/Core/Src/lvgl/src/drivers/display/renesas_glcdc/lv_renesas_glcdc.c.obj
LOAD CMakeFiles/LCD.elf.dir/Core/Src/lvgl/src/drivers/display/st7735/lv_st7735.c.obj
LOAD CMakeFiles/LCD.elf.dir/Core/Src/lvgl/src/drivers/display/st7789/lv_st7789.c.obj
LOAD CMakeFiles/LCD.elf.dir/Core/Src/lvgl/src/drivers/display/st7796/lv_st7796.c.obj
LOAD CMakeFiles/LCD.elf.dir/Core/Src/lvgl/src/drivers/display/tft_espi/lv_tft_espi.cpp.obj
LOAD CMakeFiles/LCD.elf.dir/Core/Src/lvgl/src/drivers/evdev/lv_evdev.c.obj
LOAD CMakeFiles/LCD.elf.dir/Core/Src/lvgl/src/drivers/glfw/lv_glfw_window.c.obj
LOAD CMakeFiles/LCD.elf.dir/Core/Src/lvgl/src/drivers/glfw/lv_opengles_debug.c.obj
LOAD CMakeFiles/LCD.elf.dir/Core/Src/lvgl/src/drivers/glfw/lv_opengles_driver.c.obj
LOAD CMakeFiles/LCD.elf.dir/Core/Src/lvgl/src/drivers/glfw/lv_opengles_texture.c.obj
LOAD CMakeFiles/LCD.elf.dir/Core/Src/lvgl/src/drivers/libinput/lv_libinput.c.obj
LOAD CMakeFiles/LCD.elf.dir/Core/Src/lvgl/src/drivers/libinput/lv_xkb.c.obj
LOAD CMakeFiles/LCD.elf.dir/Core/Src/lvgl/src/drivers/nuttx/lv_nuttx_cache.c.obj
LOAD CMakeFiles/LCD.elf.dir/Core/Src/lvgl/src/drivers/nuttx/lv_nuttx_entry.c.obj
LOAD CMakeFiles/LCD.elf.dir/Core/Src/lvgl/src/drivers/nuttx/lv_nuttx_fbdev.c.obj
LOAD CMakeFiles/LCD.elf.dir/Core/Src/lvgl/src/drivers/nuttx/lv_nuttx_image_cache.c.obj
LOAD CMakeFiles/LCD.elf.dir/Core/Src/lvgl/src/drivers/nuttx/lv_nuttx_lcd.c.obj
LOAD CMakeFiles/LCD.elf.dir/Core/Src/lvgl/src/drivers/nuttx/lv_nuttx_libuv.c.obj
LOAD CMakeFiles/LCD.elf.dir/Core/Src/lvgl/src/drivers/nuttx/lv_nuttx_profiler.c.obj
LOAD CMakeFiles/LCD.elf.dir/Core/Src/lvgl/src/drivers/nuttx/lv_nuttx_touchscreen.c.obj
LOAD CMakeFiles/LCD.elf.dir/Core/Src/lvgl/src/drivers/qnx/lv_qnx.c.obj
LOAD CMakeFiles/LCD.elf.dir/Core/Src/lvgl/src/drivers/sdl/lv_sdl_keyboard.c.obj
LOAD CMakeFiles/LCD.elf.dir/Core/Src/lvgl/src/drivers/sdl/lv_sdl_mouse.c.obj
LOAD CMakeFiles/LCD.elf.dir/Core/Src/lvgl/src/drivers/sdl/lv_sdl_mousewheel.c.obj
LOAD CMakeFiles/LCD.elf.dir/Core/Src/lvgl/src/drivers/sdl/lv_sdl_window.c.obj
LOAD CMakeFiles/LCD.elf.dir/Core/Src/lvgl/src/drivers/wayland/lv_wayland.c.obj
LOAD CMakeFiles/LCD.elf.dir/Core/Src/lvgl/src/drivers/wayland/lv_wayland_smm.c.obj
LOAD CMakeFiles/LCD.elf.dir/Core/Src/lvgl/src/drivers/windows/lv_windows_context.c.obj
LOAD CMakeFiles/LCD.elf.dir/Core/Src/lvgl/src/drivers/windows/lv_windows_display.c.obj
LOAD CMakeFiles/LCD.elf.dir/Core/Src/lvgl/src/drivers/windows/lv_windows_input.c.obj
LOAD CMakeFiles/LCD.elf.dir/Core/Src/lvgl/src/drivers/x11/lv_x11_display.c.obj
LOAD CMakeFiles/LCD.elf.dir/Core/Src/lvgl/src/drivers/x11/lv_x11_input.c.obj
LOAD CMakeFiles/LCD.elf.dir/Core/Src/lvgl/src/font/lv_binfont_loader.c.obj
LOAD CMakeFiles/LCD.elf.dir/Core/Src/lvgl/src/font/lv_font.c.obj
LOAD CMakeFiles/LCD.elf.dir/Core/Src/lvgl/src/font/lv_font_dejavu_16_persian_hebrew.c.obj
LOAD CMakeFiles/LCD.elf.dir/Core/Src/lvgl/src/font/lv_font_fmt_txt.c.obj
LOAD CMakeFiles/LCD.elf.dir/Core/Src/lvgl/src/font/lv_font_montserrat_10.c.obj
LOAD CMakeFiles/LCD.elf.dir/Core/Src/lvgl/src/font/lv_font_montserrat_12.c.obj
LOAD CMakeFiles/LCD.elf.dir/Core/Src/lvgl/src/font/lv_font_montserrat_14.c.obj
LOAD CMakeFiles/LCD.elf.dir/Core/Src/lvgl/src/font/lv_font_montserrat_16.c.obj
LOAD CMakeFiles/LCD.elf.dir/Core/Src/lvgl/src/font/lv_font_montserrat_18.c.obj
LOAD CMakeFiles/LCD.elf.dir/Core/Src/lvgl/src/font/lv_font_montserrat_20.c.obj
LOAD CMakeFiles/LCD.elf.dir/Core/Src/lvgl/src/font/lv_font_montserrat_22.c.obj
LOAD CMakeFiles/LCD.elf.dir/Core/Src/lvgl/src/font/lv_font_montserrat_24.c.obj
LOAD CMakeFiles/LCD.elf.dir/Core/Src/lvgl/src/font/lv_font_montserrat_26.c.obj
LOAD CMakeFiles/LCD.elf.dir/Core/Src/lvgl/src/font/lv_font_montserrat_28.c.obj
LOAD CMakeFiles/LCD.elf.dir/Core/Src/lvgl/src/font/lv_font_montserrat_28_compressed.c.obj
LOAD CMakeFiles/LCD.elf.dir/Core/Src/lvgl/src/font/lv_font_montserrat_30.c.obj
LOAD CMakeFiles/LCD.elf.dir/Core/Src/lvgl/src/font/lv_font_montserrat_32.c.obj
LOAD CMakeFiles/LCD.elf.dir/Core/Src/lvgl/src/font/lv_font_montserrat_34.c.obj
LOAD CMakeFiles/LCD.elf.dir/Core/Src/lvgl/src/font/lv_font_montserrat_36.c.obj
LOAD CMakeFiles/LCD.elf.dir/Core/Src/lvgl/src/font/lv_font_montserrat_38.c.obj
LOAD CMakeFiles/LCD.elf.dir/Core/Src/lvgl/src/font/lv_font_montserrat_40.c.obj
LOAD CMakeFiles/LCD.elf.dir/Core/Src/lvgl/src/font/lv_font_montserrat_42.c.obj
LOAD CMakeFiles/LCD.elf.dir/Core/Src/lvgl/src/font/lv_font_montserrat_44.c.obj
LOAD CMakeFiles/LCD.elf.dir/Core/Src/lvgl/src/font/lv_font_montserrat_46.c.obj
LOAD CMakeFiles/LCD.elf.dir/Core/Src/lvgl/src/font/lv_font_montserrat_48.c.obj
LOAD CMakeFiles/LCD.elf.dir/Core/Src/lvgl/src/font/lv_font_montserrat_8.c.obj
LOAD CMakeFiles/LCD.elf.dir/Core/Src/lvgl/src/font/lv_font_simsun_14_cjk.c.obj
LOAD CMakeFiles/LCD.elf.dir/Core/Src/lvgl/src/font/lv_font_simsun_16_cjk.c.obj
LOAD CMakeFiles/LCD.elf.dir/Core/Src/lvgl/src/font/lv_font_unscii_16.c.obj
LOAD CMakeFiles/LCD.elf.dir/Core/Src/lvgl/src/font/lv_font_unscii_8.c.obj
LOAD CMakeFiles/LCD.elf.dir/Core/Src/lvgl/src/indev/lv_indev.c.obj
LOAD CMakeFiles/LCD.elf.dir/Core/Src/lvgl/src/indev/lv_indev_scroll.c.obj
LOAD CMakeFiles/LCD.elf.dir/Core/Src/lvgl/src/layouts/flex/lv_flex.c.obj
LOAD CMakeFiles/LCD.elf.dir/Core/Src/lvgl/src/layouts/grid/lv_grid.c.obj
LOAD CMakeFiles/LCD.elf.dir/Core/Src/lvgl/src/layouts/lv_layout.c.obj
LOAD CMakeFiles/LCD.elf.dir/Core/Src/lvgl/src/libs/barcode/code128.c.obj
LOAD CMakeFiles/LCD.elf.dir/Core/Src/lvgl/src/libs/barcode/lv_barcode.c.obj
LOAD CMakeFiles/LCD.elf.dir/Core/Src/lvgl/src/libs/bin_decoder/lv_bin_decoder.c.obj
LOAD CMakeFiles/LCD.elf.dir/Core/Src/lvgl/src/libs/bmp/lv_bmp.c.obj
LOAD CMakeFiles/LCD.elf.dir/Core/Src/lvgl/src/libs/ffmpeg/lv_ffmpeg.c.obj
LOAD CMakeFiles/LCD.elf.dir/Core/Src/lvgl/src/libs/freetype/lv_freetype.c.obj
LOAD CMakeFiles/LCD.elf.dir/Core/Src/lvgl/src/libs/freetype/lv_freetype_glyph.c.obj
LOAD CMakeFiles/LCD.elf.dir/Core/Src/lvgl/src/libs/freetype/lv_freetype_image.c.obj
LOAD CMakeFiles/LCD.elf.dir/Core/Src/lvgl/src/libs/freetype/lv_freetype_outline.c.obj
LOAD CMakeFiles/LCD.elf.dir/Core/Src/lvgl/src/libs/freetype/lv_ftsystem.c.obj
LOAD CMakeFiles/LCD.elf.dir/Core/Src/lvgl/src/libs/fsdrv/lv_fs_arduino_esp_littlefs.cpp.obj
LOAD CMakeFiles/LCD.elf.dir/Core/Src/lvgl/src/libs/fsdrv/lv_fs_arduino_sd.cpp.obj
LOAD CMakeFiles/LCD.elf.dir/Core/Src/lvgl/src/libs/fsdrv/lv_fs_cbfs.c.obj
LOAD CMakeFiles/LCD.elf.dir/Core/Src/lvgl/src/libs/fsdrv/lv_fs_fatfs.c.obj
LOAD CMakeFiles/LCD.elf.dir/Core/Src/lvgl/src/libs/fsdrv/lv_fs_littlefs.c.obj
LOAD CMakeFiles/LCD.elf.dir/Core/Src/lvgl/src/libs/fsdrv/lv_fs_memfs.c.obj
LOAD CMakeFiles/LCD.elf.dir/Core/Src/lvgl/src/libs/fsdrv/lv_fs_posix.c.obj
LOAD CMakeFiles/LCD.elf.dir/Core/Src/lvgl/src/libs/fsdrv/lv_fs_stdio.c.obj
LOAD CMakeFiles/LCD.elf.dir/Core/Src/lvgl/src/libs/fsdrv/lv_fs_win32.c.obj
LOAD CMakeFiles/LCD.elf.dir/Core/Src/lvgl/src/libs/gif/gifdec.c.obj
LOAD CMakeFiles/LCD.elf.dir/Core/Src/lvgl/src/libs/gif/lv_gif.c.obj
LOAD CMakeFiles/LCD.elf.dir/Core/Src/lvgl/src/libs/libjpeg_turbo/lv_libjpeg_turbo.c.obj
LOAD CMakeFiles/LCD.elf.dir/Core/Src/lvgl/src/libs/libpng/lv_libpng.c.obj
LOAD CMakeFiles/LCD.elf.dir/Core/Src/lvgl/src/libs/lodepng/lodepng.c.obj
LOAD CMakeFiles/LCD.elf.dir/Core/Src/lvgl/src/libs/lodepng/lv_lodepng.c.obj
LOAD CMakeFiles/LCD.elf.dir/Core/Src/lvgl/src/libs/lz4/lz4.c.obj
LOAD CMakeFiles/LCD.elf.dir/Core/Src/lvgl/src/libs/qrcode/lv_qrcode.c.obj
LOAD CMakeFiles/LCD.elf.dir/Core/Src/lvgl/src/libs/qrcode/qrcodegen.c.obj
LOAD CMakeFiles/LCD.elf.dir/Core/Src/lvgl/src/libs/rle/lv_rle.c.obj
LOAD CMakeFiles/LCD.elf.dir/Core/Src/lvgl/src/libs/rlottie/lv_rlottie.c.obj
LOAD CMakeFiles/LCD.elf.dir/Core/Src/lvgl/src/libs/thorvg/tvgAccessor.cpp.obj
LOAD CMakeFiles/LCD.elf.dir/Core/Src/lvgl/src/libs/thorvg/tvgAnimation.cpp.obj
LOAD CMakeFiles/LCD.elf.dir/Core/Src/lvgl/src/libs/thorvg/tvgCanvas.cpp.obj
LOAD CMakeFiles/LCD.elf.dir/Core/Src/lvgl/src/libs/thorvg/tvgCapi.cpp.obj
LOAD CMakeFiles/LCD.elf.dir/Core/Src/lvgl/src/libs/thorvg/tvgCompressor.cpp.obj
LOAD CMakeFiles/LCD.elf.dir/Core/Src/lvgl/src/libs/thorvg/tvgFill.cpp.obj
LOAD CMakeFiles/LCD.elf.dir/Core/Src/lvgl/src/libs/thorvg/tvgGlCanvas.cpp.obj
LOAD CMakeFiles/LCD.elf.dir/Core/Src/lvgl/src/libs/thorvg/tvgInitializer.cpp.obj
LOAD CMakeFiles/LCD.elf.dir/Core/Src/lvgl/src/libs/thorvg/tvgLines.cpp.obj
LOAD CMakeFiles/LCD.elf.dir/Core/Src/lvgl/src/libs/thorvg/tvgLoader.cpp.obj
LOAD CMakeFiles/LCD.elf.dir/Core/Src/lvgl/src/libs/thorvg/tvgLottieAnimation.cpp.obj
LOAD CMakeFiles/LCD.elf.dir/Core/Src/lvgl/src/libs/thorvg/tvgLottieBuilder.cpp.obj
LOAD CMakeFiles/LCD.elf.dir/Core/Src/lvgl/src/libs/thorvg/tvgLottieExpressions.cpp.obj
LOAD CMakeFiles/LCD.elf.dir/Core/Src/lvgl/src/libs/thorvg/tvgLottieInterpolator.cpp.obj
LOAD CMakeFiles/LCD.elf.dir/Core/Src/lvgl/src/libs/thorvg/tvgLottieLoader.cpp.obj
LOAD CMakeFiles/LCD.elf.dir/Core/Src/lvgl/src/libs/thorvg/tvgLottieModel.cpp.obj
LOAD CMakeFiles/LCD.elf.dir/Core/Src/lvgl/src/libs/thorvg/tvgLottieParser.cpp.obj
LOAD CMakeFiles/LCD.elf.dir/Core/Src/lvgl/src/libs/thorvg/tvgLottieParserHandler.cpp.obj
LOAD CMakeFiles/LCD.elf.dir/Core/Src/lvgl/src/libs/thorvg/tvgMath.cpp.obj
LOAD CMakeFiles/LCD.elf.dir/Core/Src/lvgl/src/libs/thorvg/tvgPaint.cpp.obj
LOAD CMakeFiles/LCD.elf.dir/Core/Src/lvgl/src/libs/thorvg/tvgPicture.cpp.obj
LOAD CMakeFiles/LCD.elf.dir/Core/Src/lvgl/src/libs/thorvg/tvgRawLoader.cpp.obj
LOAD CMakeFiles/LCD.elf.dir/Core/Src/lvgl/src/libs/thorvg/tvgRender.cpp.obj
LOAD CMakeFiles/LCD.elf.dir/Core/Src/lvgl/src/libs/thorvg/tvgSaver.cpp.obj
LOAD CMakeFiles/LCD.elf.dir/Core/Src/lvgl/src/libs/thorvg/tvgScene.cpp.obj
LOAD CMakeFiles/LCD.elf.dir/Core/Src/lvgl/src/libs/thorvg/tvgShape.cpp.obj
LOAD CMakeFiles/LCD.elf.dir/Core/Src/lvgl/src/libs/thorvg/tvgStr.cpp.obj
LOAD CMakeFiles/LCD.elf.dir/Core/Src/lvgl/src/libs/thorvg/tvgSvgCssStyle.cpp.obj
LOAD CMakeFiles/LCD.elf.dir/Core/Src/lvgl/src/libs/thorvg/tvgSvgLoader.cpp.obj
LOAD CMakeFiles/LCD.elf.dir/Core/Src/lvgl/src/libs/thorvg/tvgSvgPath.cpp.obj
LOAD CMakeFiles/LCD.elf.dir/Core/Src/lvgl/src/libs/thorvg/tvgSvgSceneBuilder.cpp.obj
LOAD CMakeFiles/LCD.elf.dir/Core/Src/lvgl/src/libs/thorvg/tvgSvgUtil.cpp.obj
LOAD CMakeFiles/LCD.elf.dir/Core/Src/lvgl/src/libs/thorvg/tvgSwCanvas.cpp.obj
LOAD CMakeFiles/LCD.elf.dir/Core/Src/lvgl/src/libs/thorvg/tvgSwFill.cpp.obj
LOAD CMakeFiles/LCD.elf.dir/Core/Src/lvgl/src/libs/thorvg/tvgSwImage.cpp.obj
LOAD CMakeFiles/LCD.elf.dir/Core/Src/lvgl/src/libs/thorvg/tvgSwMath.cpp.obj
LOAD CMakeFiles/LCD.elf.dir/Core/Src/lvgl/src/libs/thorvg/tvgSwMemPool.cpp.obj
LOAD CMakeFiles/LCD.elf.dir/Core/Src/lvgl/src/libs/thorvg/tvgSwRaster.cpp.obj
LOAD CMakeFiles/LCD.elf.dir/Core/Src/lvgl/src/libs/thorvg/tvgSwRenderer.cpp.obj
LOAD CMakeFiles/LCD.elf.dir/Core/Src/lvgl/src/libs/thorvg/tvgSwRle.cpp.obj
LOAD CMakeFiles/LCD.elf.dir/Core/Src/lvgl/src/libs/thorvg/tvgSwShape.cpp.obj
LOAD CMakeFiles/LCD.elf.dir/Core/Src/lvgl/src/libs/thorvg/tvgSwStroke.cpp.obj
LOAD CMakeFiles/LCD.elf.dir/Core/Src/lvgl/src/libs/thorvg/tvgTaskScheduler.cpp.obj
LOAD CMakeFiles/LCD.elf.dir/Core/Src/lvgl/src/libs/thorvg/tvgText.cpp.obj
LOAD CMakeFiles/LCD.elf.dir/Core/Src/lvgl/src/libs/thorvg/tvgWgCanvas.cpp.obj
LOAD CMakeFiles/LCD.elf.dir/Core/Src/lvgl/src/libs/thorvg/tvgXmlParser.cpp.obj
LOAD CMakeFiles/LCD.elf.dir/Core/Src/lvgl/src/libs/tiny_ttf/lv_tiny_ttf.c.obj
LOAD CMakeFiles/LCD.elf.dir/Core/Src/lvgl/src/libs/tjpgd/lv_tjpgd.c.obj
LOAD CMakeFiles/LCD.elf.dir/Core/Src/lvgl/src/libs/tjpgd/tjpgd.c.obj
LOAD CMakeFiles/LCD.elf.dir/Core/Src/lvgl/src/lv_init.c.obj
LOAD CMakeFiles/LCD.elf.dir/Core/Src/lvgl/src/misc/cache/lv_cache.c.obj
LOAD CMakeFiles/LCD.elf.dir/Core/Src/lvgl/src/misc/cache/lv_cache_entry.c.obj
LOAD CMakeFiles/LCD.elf.dir/Core/Src/lvgl/src/misc/cache/lv_cache_lru_rb.c.obj
LOAD CMakeFiles/LCD.elf.dir/Core/Src/lvgl/src/misc/cache/lv_image_cache.c.obj
LOAD CMakeFiles/LCD.elf.dir/Core/Src/lvgl/src/misc/cache/lv_image_header_cache.c.obj
LOAD CMakeFiles/LCD.elf.dir/Core/Src/lvgl/src/misc/lv_anim.c.obj
LOAD CMakeFiles/LCD.elf.dir/Core/Src/lvgl/src/misc/lv_anim_timeline.c.obj
LOAD CMakeFiles/LCD.elf.dir/Core/Src/lvgl/src/misc/lv_area.c.obj
LOAD CMakeFiles/LCD.elf.dir/Core/Src/lvgl/src/misc/lv_array.c.obj
LOAD CMakeFiles/LCD.elf.dir/Core/Src/lvgl/src/misc/lv_async.c.obj
LOAD CMakeFiles/LCD.elf.dir/Core/Src/lvgl/src/misc/lv_bidi.c.obj
LOAD CMakeFiles/LCD.elf.dir/Core/Src/lvgl/src/misc/lv_color.c.obj
LOAD CMakeFiles/LCD.elf.dir/Core/Src/lvgl/src/misc/lv_color_op.c.obj
LOAD CMakeFiles/LCD.elf.dir/Core/Src/lvgl/src/misc/lv_event.c.obj
LOAD CMakeFiles/LCD.elf.dir/Core/Src/lvgl/src/misc/lv_fs.c.obj
LOAD CMakeFiles/LCD.elf.dir/Core/Src/lvgl/src/misc/lv_ll.c.obj
LOAD CMakeFiles/LCD.elf.dir/Core/Src/lvgl/src/misc/lv_log.c.obj
LOAD CMakeFiles/LCD.elf.dir/Core/Src/lvgl/src/misc/lv_lru.c.obj
LOAD CMakeFiles/LCD.elf.dir/Core/Src/lvgl/src/misc/lv_math.c.obj
LOAD CMakeFiles/LCD.elf.dir/Core/Src/lvgl/src/misc/lv_matrix.c.obj
LOAD CMakeFiles/LCD.elf.dir/Core/Src/lvgl/src/misc/lv_palette.c.obj
LOAD CMakeFiles/LCD.elf.dir/Core/Src/lvgl/src/misc/lv_profiler_builtin.c.obj
LOAD CMakeFiles/LCD.elf.dir/Core/Src/lvgl/src/misc/lv_rb.c.obj
LOAD CMakeFiles/LCD.elf.dir/Core/Src/lvgl/src/misc/lv_style.c.obj
LOAD CMakeFiles/LCD.elf.dir/Core/Src/lvgl/src/misc/lv_style_gen.c.obj
LOAD CMakeFiles/LCD.elf.dir/Core/Src/lvgl/src/misc/lv_templ.c.obj
LOAD CMakeFiles/LCD.elf.dir/Core/Src/lvgl/src/misc/lv_text.c.obj
LOAD CMakeFiles/LCD.elf.dir/Core/Src/lvgl/src/misc/lv_text_ap.c.obj
LOAD CMakeFiles/LCD.elf.dir/Core/Src/lvgl/src/misc/lv_timer.c.obj
LOAD CMakeFiles/LCD.elf.dir/Core/Src/lvgl/src/misc/lv_utils.c.obj
LOAD CMakeFiles/LCD.elf.dir/Core/Src/lvgl/src/osal/lv_cmsis_rtos2.c.obj
LOAD CMakeFiles/LCD.elf.dir/Core/Src/lvgl/src/osal/lv_freertos.c.obj
LOAD CMakeFiles/LCD.elf.dir/Core/Src/lvgl/src/osal/lv_mqx.c.obj
LOAD CMakeFiles/LCD.elf.dir/Core/Src/lvgl/src/osal/lv_os.c.obj
LOAD CMakeFiles/LCD.elf.dir/Core/Src/lvgl/src/osal/lv_os_none.c.obj
LOAD CMakeFiles/LCD.elf.dir/Core/Src/lvgl/src/osal/lv_pthread.c.obj
LOAD CMakeFiles/LCD.elf.dir/Core/Src/lvgl/src/osal/lv_rtthread.c.obj
LOAD CMakeFiles/LCD.elf.dir/Core/Src/lvgl/src/osal/lv_windows.c.obj
LOAD CMakeFiles/LCD.elf.dir/Core/Src/lvgl/src/others/file_explorer/lv_file_explorer.c.obj
LOAD CMakeFiles/LCD.elf.dir/Core/Src/lvgl/src/others/fragment/lv_fragment.c.obj
LOAD CMakeFiles/LCD.elf.dir/Core/Src/lvgl/src/others/fragment/lv_fragment_manager.c.obj
LOAD CMakeFiles/LCD.elf.dir/Core/Src/lvgl/src/others/gridnav/lv_gridnav.c.obj
LOAD CMakeFiles/LCD.elf.dir/Core/Src/lvgl/src/others/ime/lv_ime_pinyin.c.obj
LOAD CMakeFiles/LCD.elf.dir/Core/Src/lvgl/src/others/imgfont/lv_imgfont.c.obj
LOAD CMakeFiles/LCD.elf.dir/Core/Src/lvgl/src/others/monkey/lv_monkey.c.obj
LOAD CMakeFiles/LCD.elf.dir/Core/Src/lvgl/src/others/observer/lv_observer.c.obj
LOAD CMakeFiles/LCD.elf.dir/Core/Src/lvgl/src/others/snapshot/lv_snapshot.c.obj
LOAD CMakeFiles/LCD.elf.dir/Core/Src/lvgl/src/others/sysmon/lv_sysmon.c.obj
LOAD CMakeFiles/LCD.elf.dir/Core/Src/lvgl/src/others/vg_lite_tvg/vg_lite_matrix.c.obj
LOAD CMakeFiles/LCD.elf.dir/Core/Src/lvgl/src/others/vg_lite_tvg/vg_lite_tvg.cpp.obj
LOAD CMakeFiles/LCD.elf.dir/Core/Src/lvgl/src/stdlib/builtin/lv_mem_core_builtin.c.obj
LOAD CMakeFiles/LCD.elf.dir/Core/Src/lvgl/src/stdlib/builtin/lv_sprintf_builtin.c.obj
LOAD CMakeFiles/LCD.elf.dir/Core/Src/lvgl/src/stdlib/builtin/lv_string_builtin.c.obj
LOAD CMakeFiles/LCD.elf.dir/Core/Src/lvgl/src/stdlib/builtin/lv_tlsf.c.obj
LOAD CMakeFiles/LCD.elf.dir/Core/Src/lvgl/src/stdlib/clib/lv_mem_core_clib.c.obj
LOAD CMakeFiles/LCD.elf.dir/Core/Src/lvgl/src/stdlib/clib/lv_sprintf_clib.c.obj
LOAD CMakeFiles/LCD.elf.dir/Core/Src/lvgl/src/stdlib/clib/lv_string_clib.c.obj
LOAD CMakeFiles/LCD.elf.dir/Core/Src/lvgl/src/stdlib/lv_mem.c.obj
LOAD CMakeFiles/LCD.elf.dir/Core/Src/lvgl/src/stdlib/micropython/lv_mem_core_micropython.c.obj
LOAD CMakeFiles/LCD.elf.dir/Core/Src/lvgl/src/stdlib/rtthread/lv_mem_core_rtthread.c.obj
LOAD CMakeFiles/LCD.elf.dir/Core/Src/lvgl/src/stdlib/rtthread/lv_sprintf_rtthread.c.obj
LOAD CMakeFiles/LCD.elf.dir/Core/Src/lvgl/src/stdlib/rtthread/lv_string_rtthread.c.obj
LOAD CMakeFiles/LCD.elf.dir/Core/Src/lvgl/src/themes/default/lv_theme_default.c.obj
LOAD CMakeFiles/LCD.elf.dir/Core/Src/lvgl/src/themes/lv_theme.c.obj
LOAD CMakeFiles/LCD.elf.dir/Core/Src/lvgl/src/themes/mono/lv_theme_mono.c.obj
LOAD CMakeFiles/LCD.elf.dir/Core/Src/lvgl/src/themes/simple/lv_theme_simple.c.obj
LOAD CMakeFiles/LCD.elf.dir/Core/Src/lvgl/src/tick/lv_tick.c.obj
LOAD CMakeFiles/LCD.elf.dir/Core/Src/lvgl/src/widgets/animimage/lv_animimage.c.obj
LOAD CMakeFiles/LCD.elf.dir/Core/Src/lvgl/src/widgets/arc/lv_arc.c.obj
LOAD CMakeFiles/LCD.elf.dir/Core/Src/lvgl/src/widgets/bar/lv_bar.c.obj
LOAD CMakeFiles/LCD.elf.dir/Core/Src/lvgl/src/widgets/button/lv_button.c.obj
LOAD CMakeFiles/LCD.elf.dir/Core/Src/lvgl/src/widgets/buttonmatrix/lv_buttonmatrix.c.obj
LOAD CMakeFiles/LCD.elf.dir/Core/Src/lvgl/src/widgets/calendar/lv_calendar.c.obj
LOAD CMakeFiles/LCD.elf.dir/Core/Src/lvgl/src/widgets/calendar/lv_calendar_chinese.c.obj
LOAD CMakeFiles/LCD.elf.dir/Core/Src/lvgl/src/widgets/calendar/lv_calendar_header_arrow.c.obj
LOAD CMakeFiles/LCD.elf.dir/Core/Src/lvgl/src/widgets/calendar/lv_calendar_header_dropdown.c.obj
LOAD CMakeFiles/LCD.elf.dir/Core/Src/lvgl/src/widgets/canvas/lv_canvas.c.obj
LOAD CMakeFiles/LCD.elf.dir/Core/Src/lvgl/src/widgets/chart/lv_chart.c.obj
LOAD CMakeFiles/LCD.elf.dir/Core/Src/lvgl/src/widgets/checkbox/lv_checkbox.c.obj
LOAD CMakeFiles/LCD.elf.dir/Core/Src/lvgl/src/widgets/dropdown/lv_dropdown.c.obj
LOAD CMakeFiles/LCD.elf.dir/Core/Src/lvgl/src/widgets/image/lv_image.c.obj
LOAD CMakeFiles/LCD.elf.dir/Core/Src/lvgl/src/widgets/imagebutton/lv_imagebutton.c.obj
LOAD CMakeFiles/LCD.elf.dir/Core/Src/lvgl/src/widgets/keyboard/lv_keyboard.c.obj
LOAD CMakeFiles/LCD.elf.dir/Core/Src/lvgl/src/widgets/label/lv_label.c.obj
LOAD CMakeFiles/LCD.elf.dir/Core/Src/lvgl/src/widgets/led/lv_led.c.obj
LOAD CMakeFiles/LCD.elf.dir/Core/Src/lvgl/src/widgets/line/lv_line.c.obj
LOAD CMakeFiles/LCD.elf.dir/Core/Src/lvgl/src/widgets/list/lv_list.c.obj
LOAD CMakeFiles/LCD.elf.dir/Core/Src/lvgl/src/widgets/lottie/lv_lottie.c.obj
LOAD CMakeFiles/LCD.elf.dir/Core/Src/lvgl/src/widgets/menu/lv_menu.c.obj
LOAD CMakeFiles/LCD.elf.dir/Core/Src/lvgl/src/widgets/msgbox/lv_msgbox.c.obj
LOAD CMakeFiles/LCD.elf.dir/Core/Src/lvgl/src/widgets/objx_templ/lv_objx_templ.c.obj
LOAD CMakeFiles/LCD.elf.dir/Core/Src/lvgl/src/widgets/property/lv_dropdown_properties.c.obj
LOAD CMakeFiles/LCD.elf.dir/Core/Src/lvgl/src/widgets/property/lv_image_properties.c.obj
LOAD CMakeFiles/LCD.elf.dir/Core/Src/lvgl/src/widgets/property/lv_keyboard_properties.c.obj
LOAD CMakeFiles/LCD.elf.dir/Core/Src/lvgl/src/widgets/property/lv_label_properties.c.obj
LOAD CMakeFiles/LCD.elf.dir/Core/Src/lvgl/src/widgets/property/lv_obj_properties.c.obj
LOAD CMakeFiles/LCD.elf.dir/Core/Src/lvgl/src/widgets/property/lv_roller_properties.c.obj
LOAD CMakeFiles/LCD.elf.dir/Core/Src/lvgl/src/widgets/property/lv_style_properties.c.obj
LOAD CMakeFiles/LCD.elf.dir/Core/Src/lvgl/src/widgets/property/lv_textarea_properties.c.obj
LOAD CMakeFiles/LCD.elf.dir/Core/Src/lvgl/src/widgets/roller/lv_roller.c.obj
LOAD CMakeFiles/LCD.elf.dir/Core/Src/lvgl/src/widgets/scale/lv_scale.c.obj
LOAD CMakeFiles/LCD.elf.dir/Core/Src/lvgl/src/widgets/slider/lv_slider.c.obj
LOAD CMakeFiles/LCD.elf.dir/Core/Src/lvgl/src/widgets/span/lv_span.c.obj
LOAD CMakeFiles/LCD.elf.dir/Core/Src/lvgl/src/widgets/spinbox/lv_spinbox.c.obj
LOAD CMakeFiles/LCD.elf.dir/Core/Src/lvgl/src/widgets/spinner/lv_spinner.c.obj
LOAD CMakeFiles/LCD.elf.dir/Core/Src/lvgl/src/widgets/switch/lv_switch.c.obj
LOAD CMakeFiles/LCD.elf.dir/Core/Src/lvgl/src/widgets/table/lv_table.c.obj
LOAD CMakeFiles/LCD.elf.dir/Core/Src/lvgl/src/widgets/tabview/lv_tabview.c.obj
LOAD CMakeFiles/LCD.elf.dir/Core/Src/lvgl/src/widgets/textarea/lv_textarea.c.obj
LOAD CMakeFiles/LCD.elf.dir/Core/Src/lvgl/src/widgets/tileview/lv_tileview.c.obj
LOAD CMakeFiles/LCD.elf.dir/Core/Src/lvgl/src/widgets/win/lv_win.c.obj
LOAD CMakeFiles/LCD.elf.dir/Core/Src/main.c.obj
LOAD CMakeFiles/LCD.elf.dir/Core/Src/st7796.c.obj
LOAD CMakeFiles/LCD.elf.dir/Core/Src/stm32l4xx_hal_msp.c.obj
LOAD CMakeFiles/LCD.elf.dir/Core/Src/stm32l4xx_it.c.obj
LOAD CMakeFiles/LCD.elf.dir/Core/Src/syscalls.c.obj
LOAD CMakeFiles/LCD.elf.dir/Core/Src/sysmem.c.obj
LOAD CMakeFiles/LCD.elf.dir/Core/Src/system_stm32l4xx.c.obj
LOAD CMakeFiles/LCD.elf.dir/Core/Startup/startup_stm32l476rgtx.s.obj
LOAD CMakeFiles/LCD.elf.dir/Drivers/STM32L4xx_HAL_Driver/Src/stm32l4xx_hal.c.obj
LOAD CMakeFiles/LCD.elf.dir/Drivers/STM32L4xx_HAL_Driver/Src/stm32l4xx_hal_cortex.c.obj
LOAD CMakeFiles/LCD.elf.dir/Drivers/STM32L4xx_HAL_Driver/Src/stm32l4xx_hal_dma.c.obj
LOAD CMakeFiles/LCD.elf.dir/Drivers/STM32L4xx_HAL_Driver/Src/stm32l4xx_hal_dma_ex.c.obj
LOAD CMakeFiles/LCD.elf.dir/Drivers/STM32L4xx_HAL_Driver/Src/stm32l4xx_hal_exti.c.obj
LOAD CMakeFiles/LCD.elf.dir/Drivers/STM32L4xx_HAL_Driver/Src/stm32l4xx_hal_flash.c.obj
LOAD CMakeFiles/LCD.elf.dir/Drivers/STM32L4xx_HAL_Driver/Src/stm32l4xx_hal_flash_ex.c.obj
LOAD CMakeFiles/LCD.elf.dir/Drivers/STM32L4xx_HAL_Driver/Src/stm32l4xx_hal_flash_ramfunc.c.obj
LOAD CMakeFiles/LCD.elf.dir/Drivers/STM32L4xx_HAL_Driver/Src/stm32l4xx_hal_gpio.c.obj
LOAD CMakeFiles/LCD.elf.dir/Drivers/STM32L4xx_HAL_Driver/Src/stm32l4xx_hal_i2c.c.obj
LOAD CMakeFiles/LCD.elf.dir/Drivers/STM32L4xx_HAL_Driver/Src/stm32l4xx_hal_i2c_ex.c.obj
LOAD CMakeFiles/LCD.elf.dir/Drivers/STM32L4xx_HAL_Driver/Src/stm32l4xx_hal_pwr.c.obj
LOAD CMakeFiles/LCD.elf.dir/Drivers/STM32L4xx_HAL_Driver/Src/stm32l4xx_hal_pwr_ex.c.obj
LOAD CMakeFiles/LCD.elf.dir/Drivers/STM32L4xx_HAL_Driver/Src/stm32l4xx_hal_rcc.c.obj
LOAD CMakeFiles/LCD.elf.dir/Drivers/STM32L4xx_HAL_Driver/Src/stm32l4xx_hal_rcc_ex.c.obj
LOAD CMakeFiles/LCD.elf.dir/Drivers/STM32L4xx_HAL_Driver/Src/stm32l4xx_hal_spi.c.obj
LOAD CMakeFiles/LCD.elf.dir/Drivers/STM32L4xx_HAL_Driver/Src/stm32l4xx_hal_spi_ex.c.obj
LOAD d:/gcc-arm-none-eabi-10.3-2021.10/bin/../lib/gcc/arm-none-eabi/10.3.1/../../../../arm-none-eabi/lib/thumb/v7e-m/nofp\libstdc++.a
LOAD d:/gcc-arm-none-eabi-10.3-2021.10/bin/../lib/gcc/arm-none-eabi/10.3.1/../../../../arm-none-eabi/lib/thumb/v7e-m/nofp\libm.a
START GROUP
LOAD d:/gcc-arm-none-eabi-10.3-2021.10/bin/../lib/gcc/arm-none-eabi/10.3.1/thumb/v7e-m/nofp\libgcc.a
LOAD d:/gcc-arm-none-eabi-10.3-2021.10/bin/../lib/gcc/arm-none-eabi/10.3.1/../../../../arm-none-eabi/lib/thumb/v7e-m/nofp\libg.a
LOAD d:/gcc-arm-none-eabi-10.3-2021.10/bin/../lib/gcc/arm-none-eabi/10.3.1/../../../../arm-none-eabi/lib/thumb/v7e-m/nofp\libc.a
END GROUP
LOAD d:/gcc-arm-none-eabi-10.3-2021.10/bin/../lib/gcc/arm-none-eabi/10.3.1/thumb/v7e-m/nofp/crtend.o
LOAD d:/gcc-arm-none-eabi-10.3-2021.10/bin/../lib/gcc/arm-none-eabi/10.3.1/thumb/v7e-m/nofp/crtn.o
                0x20018000                _estack = (ORIGIN (RAM) + LENGTH (RAM))
                0x00000200                _Min_Heap_Size = 0x200
                0x00000400                _Min_Stack_Size = 0x400

.isr_vector     0x08000000      0x188
                0x08000000                . = ALIGN (0x4)
 *(.isr_vector)
 .isr_vector    0x08000000      0x188 CMakeFiles/LCD.elf.dir/Core/Startup/startup_stm32l476rgtx.s.obj
                0x08000000                g_pfnVectors
                0x08000188                . = ALIGN (0x4)

.text           0x08000188     0x2450
                0x08000188                . = ALIGN (0x4)
 *(.text)
 .text          0x08000188       0x40 d:/gcc-arm-none-eabi-10.3-2021.10/bin/../lib/gcc/arm-none-eabi/10.3.1/thumb/v7e-m/nofp/crtbegin.o
 *(.text*)
 .text.MX_GPIO_Init
                0x080001c8       0xec CMakeFiles/LCD.elf.dir/Core/Src/main.c.obj
 .text.Error_Handler
                0x080002b4        0x4 CMakeFiles/LCD.elf.dir/Core/Src/main.c.obj
                0x080002b4                Error_Handler
 .text.MX_SPI2_Init
                0x080002b8       0x48 CMakeFiles/LCD.elf.dir/Core/Src/main.c.obj
 .text.SystemClock_Config
                0x08000300       0x7a CMakeFiles/LCD.elf.dir/Core/Src/main.c.obj
                0x08000300                SystemClock_Config
 *fill*         0x0800037a        0x2 
 .text.main     0x0800037c      0x56c CMakeFiles/LCD.elf.dir/Core/Src/main.c.obj
                0x0800037c                main
 .text.LCD_WR_REG
                0x080008e8       0x50 CMakeFiles/LCD.elf.dir/Core/Src/st7796.c.obj
 .text.ST7796_WriteData
                0x08000938       0x48 CMakeFiles/LCD.elf.dir/Core/Src/st7796.c.obj
 .text.LCD_WR_DATA
                0x08000980       0x18 CMakeFiles/LCD.elf.dir/Core/Src/st7796.c.obj
 .text.LCD_RESET
                0x08000998       0x2c CMakeFiles/LCD.elf.dir/Core/Src/st7796.c.obj
 .text.ST7796_AttachSPI
                0x080009c4        0xc CMakeFiles/LCD.elf.dir/Core/Src/st7796.c.obj
                0x080009c4                ST7796_AttachSPI
 .text.LCD_WriteReg
                0x080009d0       0x10 CMakeFiles/LCD.elf.dir/Core/Src/st7796.c.obj
                0x080009d0                LCD_WriteReg
 .text.SPI_WriteByte
                0x080009e0       0x32 CMakeFiles/LCD.elf.dir/Core/Src/st7796.c.obj
                0x080009e0                SPI_WriteByte
 *fill*         0x08000a12        0x2 
 .text.LCD_direction
                0x08000a14       0x8c CMakeFiles/LCD.elf.dir/Core/Src/st7796.c.obj
                0x08000a14                LCD_direction
 .text.LCD_SetWindows
                0x08000aa0       0x60 CMakeFiles/LCD.elf.dir/Core/Src/st7796.c.obj
                0x08000aa0                LCD_SetWindows
 .text.LCD_Clear
                0x08000b00       0x7c CMakeFiles/LCD.elf.dir/Core/Src/st7796.c.obj
                0x08000b00                LCD_Clear
 .text.LCD_WriteData_16Bit
                0x08000b7c       0x48 CMakeFiles/LCD.elf.dir/Core/Src/st7796.c.obj
                0x08000b7c                LCD_WriteData_16Bit
 .text.LCD_SetCursor
                0x08000bc4        0xc CMakeFiles/LCD.elf.dir/Core/Src/st7796.c.obj
                0x08000bc4                LCD_SetCursor
 .text.LCD_DrawPoint
                0x08000bd0       0x10 CMakeFiles/LCD.elf.dir/Core/Src/st7796.c.obj
                0x08000bd0                LCD_DrawPoint
 .text.ST7796_Init
                0x08000be0      0x1b4 CMakeFiles/LCD.elf.dir/Core/Src/st7796.c.obj
                0x08000be0                ST7796_Init
 .text.HAL_MspInit
                0x08000d94       0x30 CMakeFiles/LCD.elf.dir/Core/Src/stm32l4xx_hal_msp.c.obj
                0x08000d94                HAL_MspInit
 .text.HAL_SPI_MspInit
                0x08000dc4       0x98 CMakeFiles/LCD.elf.dir/Core/Src/stm32l4xx_hal_msp.c.obj
                0x08000dc4                HAL_SPI_MspInit
 .text.NMI_Handler
                0x08000e5c        0x2 CMakeFiles/LCD.elf.dir/Core/Src/stm32l4xx_it.c.obj
                0x08000e5c                NMI_Handler
 .text.HardFault_Handler
                0x08000e5e        0x2 CMakeFiles/LCD.elf.dir/Core/Src/stm32l4xx_it.c.obj
                0x08000e5e                HardFault_Handler
 .text.MemManage_Handler
                0x08000e60        0x2 CMakeFiles/LCD.elf.dir/Core/Src/stm32l4xx_it.c.obj
                0x08000e60                MemManage_Handler
 .text.BusFault_Handler
                0x08000e62        0x2 CMakeFiles/LCD.elf.dir/Core/Src/stm32l4xx_it.c.obj
                0x08000e62                BusFault_Handler
 .text.UsageFault_Handler
                0x08000e64        0x2 CMakeFiles/LCD.elf.dir/Core/Src/stm32l4xx_it.c.obj
                0x08000e64                UsageFault_Handler
 .text.SVC_Handler
                0x08000e66        0x2 CMakeFiles/LCD.elf.dir/Core/Src/stm32l4xx_it.c.obj
                0x08000e66                SVC_Handler
 .text.DebugMon_Handler
                0x08000e68        0x2 CMakeFiles/LCD.elf.dir/Core/Src/stm32l4xx_it.c.obj
                0x08000e68                DebugMon_Handler
 .text.PendSV_Handler
                0x08000e6a        0x2 CMakeFiles/LCD.elf.dir/Core/Src/stm32l4xx_it.c.obj
                0x08000e6a                PendSV_Handler
 .text.SysTick_Handler
                0x08000e6c        0x8 CMakeFiles/LCD.elf.dir/Core/Src/stm32l4xx_it.c.obj
                0x08000e6c                SysTick_Handler
 .text.SystemInit
                0x08000e74        0x2 CMakeFiles/LCD.elf.dir/Core/Src/system_stm32l4xx.c.obj
                0x08000e74                SystemInit
 *fill*         0x08000e76        0x2 
 .text.Reset_Handler
                0x08000e78       0x50 CMakeFiles/LCD.elf.dir/Core/Startup/startup_stm32l476rgtx.s.obj
                0x08000e78                Reset_Handler
 .text.Default_Handler
                0x08000ec8        0x2 CMakeFiles/LCD.elf.dir/Core/Startup/startup_stm32l476rgtx.s.obj
                0x08000ec8                RTC_Alarm_IRQHandler
                0x08000ec8                EXTI2_IRQHandler
                0x08000ec8                TIM8_TRG_COM_IRQHandler
                0x08000ec8                TIM8_CC_IRQHandler
                0x08000ec8                TIM1_CC_IRQHandler
                0x08000ec8                TSC_IRQHandler
                0x08000ec8                TAMP_STAMP_IRQHandler
                0x08000ec8                EXTI3_IRQHandler
                0x08000ec8                LPTIM2_IRQHandler
                0x08000ec8                DFSDM1_FLT1_IRQHandler
                0x08000ec8                I2C3_ER_IRQHandler
                0x08000ec8                DFSDM1_FLT2_IRQHandler
                0x08000ec8                EXTI0_IRQHandler
                0x08000ec8                I2C2_EV_IRQHandler
                0x08000ec8                CAN1_RX0_IRQHandler
                0x08000ec8                FPU_IRQHandler
                0x08000ec8                TIM1_UP_TIM16_IRQHandler
                0x08000ec8                ADC1_2_IRQHandler
                0x08000ec8                SPI1_IRQHandler
                0x08000ec8                TIM6_DAC_IRQHandler
                0x08000ec8                TIM8_UP_IRQHandler
                0x08000ec8                DMA2_Channel2_IRQHandler
                0x08000ec8                DMA1_Channel4_IRQHandler
                0x08000ec8                SAI2_IRQHandler
                0x08000ec8                DFSDM1_FLT3_IRQHandler
                0x08000ec8                USART3_IRQHandler
                0x08000ec8                DMA1_Channel7_IRQHandler
                0x08000ec8                CAN1_RX1_IRQHandler
                0x08000ec8                LCD_IRQHandler
                0x08000ec8                UART5_IRQHandler
                0x08000ec8                ADC3_IRQHandler
                0x08000ec8                TIM4_IRQHandler
                0x08000ec8                DMA2_Channel1_IRQHandler
                0x08000ec8                QUADSPI_IRQHandler
                0x08000ec8                I2C1_EV_IRQHandler
                0x08000ec8                DMA1_Channel6_IRQHandler
                0x08000ec8                UART4_IRQHandler
                0x08000ec8                DMA2_Channel4_IRQHandler
                0x08000ec8                TIM3_IRQHandler
                0x08000ec8                RCC_IRQHandler
                0x08000ec8                DMA1_Channel1_IRQHandler
                0x08000ec8                Default_Handler
                0x08000ec8                DMA2_Channel7_IRQHandler
                0x08000ec8                EXTI15_10_IRQHandler
                0x08000ec8                TIM7_IRQHandler
                0x08000ec8                SDMMC1_IRQHandler
                0x08000ec8                TIM5_IRQHandler
                0x08000ec8                I2C3_EV_IRQHandler
                0x08000ec8                EXTI9_5_IRQHandler
                0x08000ec8                RTC_WKUP_IRQHandler
                0x08000ec8                PVD_PVM_IRQHandler
                0x08000ec8                SPI2_IRQHandler
                0x08000ec8                CAN1_TX_IRQHandler
                0x08000ec8                DMA2_Channel5_IRQHandler
                0x08000ec8                DMA1_Channel5_IRQHandler
                0x08000ec8                EXTI4_IRQHandler
                0x08000ec8                RNG_IRQHandler
                0x08000ec8                TIM1_TRG_COM_TIM17_IRQHandler
                0x08000ec8                DMA1_Channel3_IRQHandler
                0x08000ec8                COMP_IRQHandler
                0x08000ec8                WWDG_IRQHandler
                0x08000ec8                LPUART1_IRQHandler
                0x08000ec8                DMA2_Channel6_IRQHandler
                0x08000ec8                TIM2_IRQHandler
                0x08000ec8                EXTI1_IRQHandler
                0x08000ec8                USART2_IRQHandler
                0x08000ec8                DFSDM1_FLT0_IRQHandler
                0x08000ec8                I2C2_ER_IRQHandler
                0x08000ec8                DMA1_Channel2_IRQHandler
                0x08000ec8                TIM8_BRK_IRQHandler
                0x08000ec8                CAN1_SCE_IRQHandler
                0x08000ec8                FLASH_IRQHandler
                0x08000ec8                USART1_IRQHandler
                0x08000ec8                OTG_FS_IRQHandler
                0x08000ec8                SPI3_IRQHandler
                0x08000ec8                I2C1_ER_IRQHandler
                0x08000ec8                FMC_IRQHandler
                0x08000ec8                SWPMI1_IRQHandler
                0x08000ec8                LPTIM1_IRQHandler
                0x08000ec8                SAI1_IRQHandler
                0x08000ec8                DMA2_Channel3_IRQHandler
                0x08000ec8                TIM1_BRK_TIM15_IRQHandler
 *fill*         0x08000eca        0x2 
 .text.HAL_InitTick
                0x08000ecc       0x50 CMakeFiles/LCD.elf.dir/Drivers/STM32L4xx_HAL_Driver/Src/stm32l4xx_hal.c.obj
                0x08000ecc                HAL_InitTick
 .text.HAL_Init
                0x08000f1c       0x1e CMakeFiles/LCD.elf.dir/Drivers/STM32L4xx_HAL_Driver/Src/stm32l4xx_hal.c.obj
                0x08000f1c                HAL_Init
 *fill*         0x08000f3a        0x2 
 .text.HAL_IncTick
                0x08000f3c       0x18 CMakeFiles/LCD.elf.dir/Drivers/STM32L4xx_HAL_Driver/Src/stm32l4xx_hal.c.obj
                0x08000f3c                HAL_IncTick
 .text.HAL_GetTick
                0x08000f54        0xc CMakeFiles/LCD.elf.dir/Drivers/STM32L4xx_HAL_Driver/Src/stm32l4xx_hal.c.obj
                0x08000f54                HAL_GetTick
 .text.HAL_Delay
                0x08000f60       0x28 CMakeFiles/LCD.elf.dir/Drivers/STM32L4xx_HAL_Driver/Src/stm32l4xx_hal.c.obj
                0x08000f60                HAL_Delay
 .text.HAL_NVIC_SetPriorityGrouping
                0x08000f88       0x24 CMakeFiles/LCD.elf.dir/Drivers/STM32L4xx_HAL_Driver/Src/stm32l4xx_hal_cortex.c.obj
                0x08000f88                HAL_NVIC_SetPriorityGrouping
 .text.HAL_NVIC_SetPriority
                0x08000fac       0x70 CMakeFiles/LCD.elf.dir/Drivers/STM32L4xx_HAL_Driver/Src/stm32l4xx_hal_cortex.c.obj
                0x08000fac                HAL_NVIC_SetPriority
 .text.HAL_SYSTICK_Config
                0x0800101c       0x28 CMakeFiles/LCD.elf.dir/Drivers/STM32L4xx_HAL_Driver/Src/stm32l4xx_hal_cortex.c.obj
                0x0800101c                HAL_SYSTICK_Config
 .text.HAL_GPIO_Init
                0x08001044      0x20c CMakeFiles/LCD.elf.dir/Drivers/STM32L4xx_HAL_Driver/Src/stm32l4xx_hal_gpio.c.obj
                0x08001044                HAL_GPIO_Init
 .text.HAL_GPIO_WritePin
                0x08001250        0xa CMakeFiles/LCD.elf.dir/Drivers/STM32L4xx_HAL_Driver/Src/stm32l4xx_hal_gpio.c.obj
                0x08001250                HAL_GPIO_WritePin
 *fill*         0x0800125a        0x2 
 .text.HAL_PWREx_GetVoltageRange
                0x0800125c       0x10 CMakeFiles/LCD.elf.dir/Drivers/STM32L4xx_HAL_Driver/Src/stm32l4xx_hal_pwr_ex.c.obj
                0x0800125c                HAL_PWREx_GetVoltageRange
 .text.HAL_PWREx_ControlVoltageScaling
                0x0800126c       0x90 CMakeFiles/LCD.elf.dir/Drivers/STM32L4xx_HAL_Driver/Src/stm32l4xx_hal_pwr_ex.c.obj
                0x0800126c                HAL_PWREx_ControlVoltageScaling
 .text.RCC_SetFlashLatencyFromMSIRange
                0x080012fc       0x90 CMakeFiles/LCD.elf.dir/Drivers/STM32L4xx_HAL_Driver/Src/stm32l4xx_hal_rcc.c.obj
 .text.HAL_RCC_GetSysClockFreq
                0x0800138c       0xb4 CMakeFiles/LCD.elf.dir/Drivers/STM32L4xx_HAL_Driver/Src/stm32l4xx_hal_rcc.c.obj
                0x0800138c                HAL_RCC_GetSysClockFreq
 .text.HAL_RCC_OscConfig
                0x08001440      0x61c CMakeFiles/LCD.elf.dir/Drivers/STM32L4xx_HAL_Driver/Src/stm32l4xx_hal_rcc.c.obj
                0x08001440                HAL_RCC_OscConfig
 .text.HAL_RCC_ClockConfig
                0x08001a5c      0x188 CMakeFiles/LCD.elf.dir/Drivers/STM32L4xx_HAL_Driver/Src/stm32l4xx_hal_rcc.c.obj
                0x08001a5c                HAL_RCC_ClockConfig
 .text.SPI_WaitFlagStateUntilTimeout
                0x08001be4       0xd4 CMakeFiles/LCD.elf.dir/Drivers/STM32L4xx_HAL_Driver/Src/stm32l4xx_hal_spi.c.obj
 .text.SPI_WaitFifoStateUntilTimeout
                0x08001cb8       0xf4 CMakeFiles/LCD.elf.dir/Drivers/STM32L4xx_HAL_Driver/Src/stm32l4xx_hal_spi.c.obj
 .text.SPI_EndRxTxTransaction
                0x08001dac       0x62 CMakeFiles/LCD.elf.dir/Drivers/STM32L4xx_HAL_Driver/Src/stm32l4xx_hal_spi.c.obj
 .text.HAL_SPI_Init
                0x08001e0e       0xde CMakeFiles/LCD.elf.dir/Drivers/STM32L4xx_HAL_Driver/Src/stm32l4xx_hal_spi.c.obj
                0x08001e0e                HAL_SPI_Init
 .text.HAL_SPI_Transmit
                0x08001eec      0x20a CMakeFiles/LCD.elf.dir/Drivers/STM32L4xx_HAL_Driver/Src/stm32l4xx_hal_spi.c.obj
                0x08001eec                HAL_SPI_Transmit
 .text.HAL_SPI_TransmitReceive
                0x080020f6      0x2fe CMakeFiles/LCD.elf.dir/Drivers/STM32L4xx_HAL_Driver/Src/stm32l4xx_hal_spi.c.obj
                0x080020f6                HAL_SPI_TransmitReceive
 .text.__libc_init_array
                0x080023f4       0x48 d:/gcc-arm-none-eabi-10.3-2021.10/bin/../lib/gcc/arm-none-eabi/10.3.1/../../../../arm-none-eabi/lib/thumb/v7e-m/nofp\libg.a(lib_a-init.o)
                0x080023f4                __libc_init_array
 .text.memset   0x0800243c       0xa4 d:/gcc-arm-none-eabi-10.3-2021.10/bin/../lib/gcc/arm-none-eabi/10.3.1/../../../../arm-none-eabi/lib/thumb/v7e-m/nofp\libg.a(lib_a-memset.o)
                0x0800243c                memset
 .text.startup.register_fini
                0x080024e0       0x14 d:/gcc-arm-none-eabi-10.3-2021.10/bin/../lib/gcc/arm-none-eabi/10.3.1/../../../../arm-none-eabi/lib/thumb/v7e-m/nofp\libg.a(lib_a-__call_atexit.o)
 .text.atexit   0x080024f4        0xc d:/gcc-arm-none-eabi-10.3-2021.10/bin/../lib/gcc/arm-none-eabi/10.3.1/../../../../arm-none-eabi/lib/thumb/v7e-m/nofp\libg.a(lib_a-atexit.o)
                0x080024f4                atexit
 .text.__libc_fini_array
                0x08002500       0x2c d:/gcc-arm-none-eabi-10.3-2021.10/bin/../lib/gcc/arm-none-eabi/10.3.1/../../../../arm-none-eabi/lib/thumb/v7e-m/nofp\libg.a(lib_a-fini.o)
                0x08002500                __libc_fini_array
 .text.__retarget_lock_acquire_recursive
                0x0800252c        0x4 d:/gcc-arm-none-eabi-10.3-2021.10/bin/../lib/gcc/arm-none-eabi/10.3.1/../../../../arm-none-eabi/lib/thumb/v7e-m/nofp\libg.a(lib_a-lock.o)
                0x0800252c                __retarget_lock_acquire_recursive
 .text.__retarget_lock_release_recursive
                0x08002530        0x4 d:/gcc-arm-none-eabi-10.3-2021.10/bin/../lib/gcc/arm-none-eabi/10.3.1/../../../../arm-none-eabi/lib/thumb/v7e-m/nofp\libg.a(lib_a-lock.o)
                0x08002530                __retarget_lock_release_recursive
 .text.__register_exitproc
                0x08002534       0x8c d:/gcc-arm-none-eabi-10.3-2021.10/bin/../lib/gcc/arm-none-eabi/10.3.1/../../../../arm-none-eabi/lib/thumb/v7e-m/nofp\libg.a(lib_a-__atexit.o)
                0x08002534                __register_exitproc
 *(.glue_7)
 .glue_7        0x080025c0        0x0 linker stubs
 *(.glue_7t)
 .glue_7t       0x080025c0        0x0 linker stubs
 *(.eh_frame)
 .eh_frame      0x080025c0        0x0 d:/gcc-arm-none-eabi-10.3-2021.10/bin/../lib/gcc/arm-none-eabi/10.3.1/thumb/v7e-m/nofp/crtbegin.o
 *(.init)
 .init          0x080025c0        0x4 d:/gcc-arm-none-eabi-10.3-2021.10/bin/../lib/gcc/arm-none-eabi/10.3.1/thumb/v7e-m/nofp/crti.o
                0x080025c0                _init
 .init          0x080025c4        0x8 d:/gcc-arm-none-eabi-10.3-2021.10/bin/../lib/gcc/arm-none-eabi/10.3.1/thumb/v7e-m/nofp/crtn.o
 *(.fini)
 .fini          0x080025cc        0x4 d:/gcc-arm-none-eabi-10.3-2021.10/bin/../lib/gcc/arm-none-eabi/10.3.1/thumb/v7e-m/nofp/crti.o
                0x080025cc                _fini
 .fini          0x080025d0        0x8 d:/gcc-arm-none-eabi-10.3-2021.10/bin/../lib/gcc/arm-none-eabi/10.3.1/thumb/v7e-m/nofp/crtn.o
                0x080025d8                . = ALIGN (0x4)
                0x080025d8                _etext = .

.vfp11_veneer   0x080025d8        0x0
 .vfp11_veneer  0x080025d8        0x0 linker stubs

.v4_bx          0x080025d8        0x0
 .v4_bx         0x080025d8        0x0 linker stubs

.iplt           0x080025d8        0x0
 .iplt          0x080025d8        0x0 d:/gcc-arm-none-eabi-10.3-2021.10/bin/../lib/gcc/arm-none-eabi/10.3.1/thumb/v7e-m/nofp/crtbegin.o

.rodata         0x080025d8       0x44
                0x080025d8                . = ALIGN (0x4)
 *(.rodata)
 *(.rodata*)
 .rodata.AHBPrescTable
                0x080025d8       0x10 CMakeFiles/LCD.elf.dir/Core/Src/system_stm32l4xx.c.obj
                0x080025d8                AHBPrescTable
 .rodata.MSIRangeTable
                0x080025e8       0x30 CMakeFiles/LCD.elf.dir/Core/Src/system_stm32l4xx.c.obj
                0x080025e8                MSIRangeTable
 .rodata._global_impure_ptr
                0x08002618        0x4 d:/gcc-arm-none-eabi-10.3-2021.10/bin/../lib/gcc/arm-none-eabi/10.3.1/../../../../arm-none-eabi/lib/thumb/v7e-m/nofp\libg.a(lib_a-impure.o)
                0x08002618                _global_impure_ptr
                0x0800261c                . = ALIGN (0x4)

.rel.dyn        0x0800261c        0x0
 .rel.iplt      0x0800261c        0x0 d:/gcc-arm-none-eabi-10.3-2021.10/bin/../lib/gcc/arm-none-eabi/10.3.1/thumb/v7e-m/nofp/crtbegin.o

.ARM.extab      0x0800261c        0x0
                0x0800261c                . = ALIGN (0x4)
 *(.ARM.extab* .gnu.linkonce.armextab.*)
                0x0800261c                . = ALIGN (0x4)

.ARM            0x0800261c        0x0
                0x0800261c                . = ALIGN (0x4)
                0x0800261c                __exidx_start = .
 *(.ARM.exidx*)
                0x0800261c                __exidx_end = .
                0x0800261c                . = ALIGN (0x4)

.preinit_array  0x0800261c        0x0
                0x0800261c                . = ALIGN (0x4)
                0x0800261c                PROVIDE (__preinit_array_start = .)
 *(.preinit_array*)
                0x0800261c                PROVIDE (__preinit_array_end = .)
                0x0800261c                . = ALIGN (0x4)

.init_array     0x0800261c        0x8
                0x0800261c                . = ALIGN (0x4)
                0x0800261c                PROVIDE (__init_array_start = .)
 *(SORT_BY_NAME(.init_array.*))
 .init_array.00000
                0x0800261c        0x4 d:/gcc-arm-none-eabi-10.3-2021.10/bin/../lib/gcc/arm-none-eabi/10.3.1/../../../../arm-none-eabi/lib/thumb/v7e-m/nofp\libg.a(lib_a-__call_atexit.o)
 *(.init_array*)
 .init_array    0x08002620        0x4 d:/gcc-arm-none-eabi-10.3-2021.10/bin/../lib/gcc/arm-none-eabi/10.3.1/thumb/v7e-m/nofp/crtbegin.o
                0x08002624                PROVIDE (__init_array_end = .)
                0x08002624                . = ALIGN (0x4)

.fini_array     0x08002624        0x4
                0x08002624                . = ALIGN (0x4)
                0x08002624                PROVIDE (__fini_array_start = .)
 *(SORT_BY_NAME(.fini_array.*))
 *(.fini_array*)
 .fini_array    0x08002624        0x4 d:/gcc-arm-none-eabi-10.3-2021.10/bin/../lib/gcc/arm-none-eabi/10.3.1/thumb/v7e-m/nofp/crtbegin.o
                0x08002628                PROVIDE (__fini_array_end = .)
                0x08002628                . = ALIGN (0x4)
                0x08002628                _sidata = LOADADDR (.data)

.data           0x20000000      0x43c load address 0x08002628
                0x20000000                . = ALIGN (0x4)
                0x20000000                _sdata = .
 *(.data)
 *(.data*)
 .data.SystemCoreClock
                0x20000000        0x4 CMakeFiles/LCD.elf.dir/Core/Src/system_stm32l4xx.c.obj
                0x20000000                SystemCoreClock
 .data.uwTickFreq
                0x20000004        0x1 CMakeFiles/LCD.elf.dir/Drivers/STM32L4xx_HAL_Driver/Src/stm32l4xx_hal.c.obj
                0x20000004                uwTickFreq
 *fill*         0x20000005        0x3 
 .data.uwTickPrio
                0x20000008        0x4 CMakeFiles/LCD.elf.dir/Drivers/STM32L4xx_HAL_Driver/Src/stm32l4xx_hal.c.obj
                0x20000008                uwTickPrio
 *fill*         0x2000000c        0x4 
 .data.impure_data
                0x20000010      0x428 d:/gcc-arm-none-eabi-10.3-2021.10/bin/../lib/gcc/arm-none-eabi/10.3.1/../../../../arm-none-eabi/lib/thumb/v7e-m/nofp\libg.a(lib_a-impure.o)
 .data.__atexit_recursive_mutex
                0x20000438        0x4 d:/gcc-arm-none-eabi-10.3-2021.10/bin/../lib/gcc/arm-none-eabi/10.3.1/../../../../arm-none-eabi/lib/thumb/v7e-m/nofp\libg.a(lib_a-__call_atexit.o)
                0x20000438                __atexit_recursive_mutex
 *(.RamFunc)
 *(.RamFunc*)
                0x2000043c                . = ALIGN (0x4)
                0x2000043c                _edata = .

.igot.plt       0x2000043c        0x0 load address 0x08002a64
 .igot.plt      0x2000043c        0x0 d:/gcc-arm-none-eabi-10.3-2021.10/bin/../lib/gcc/arm-none-eabi/10.3.1/thumb/v7e-m/nofp/crtbegin.o
                0x2000043c                . = ALIGN (0x4)

.bss            0x2000043c       0x9c load address 0x08002a64
                0x2000043c                _sbss = .
                0x2000043c                __bss_start__ = _sbss
 *(.bss)
 .bss           0x2000043c       0x1c d:/gcc-arm-none-eabi-10.3-2021.10/bin/../lib/gcc/arm-none-eabi/10.3.1/thumb/v7e-m/nofp/crtbegin.o
 *(.bss*)
 .bss.hspi2     0x20000458       0x64 CMakeFiles/LCD.elf.dir/Core/Src/main.c.obj
                0x20000458                hspi2
 .bss.lcd       0x200004bc       0x10 CMakeFiles/LCD.elf.dir/Core/Src/st7796.c.obj
                0x200004bc                lcd
 .bss.st7796_hspi
                0x200004cc        0x4 CMakeFiles/LCD.elf.dir/Core/Src/st7796.c.obj
 .bss.uwTick    0x200004d0        0x4 CMakeFiles/LCD.elf.dir/Drivers/STM32L4xx_HAL_Driver/Src/stm32l4xx_hal.c.obj
                0x200004d0                uwTick
 .bss.__lock___atexit_recursive_mutex
                0x200004d4        0x1 d:/gcc-arm-none-eabi-10.3-2021.10/bin/../lib/gcc/arm-none-eabi/10.3.1/../../../../arm-none-eabi/lib/thumb/v7e-m/nofp\libg.a(lib_a-lock.o)
                0x200004d4                __lock___atexit_recursive_mutex
 *(COMMON)
                0x200004d8                . = ALIGN (0x4)
 *fill*         0x200004d5        0x3 
                0x200004d8                _ebss = .
                0x200004d8                __bss_end__ = _ebss

._user_heap_stack
                0x200004d8      0x600 load address 0x08002a64
                0x200004d8                . = ALIGN (0x8)
                [!provide]                PROVIDE (end = .)
                0x200004d8                PROVIDE (_end = .)
                0x200006d8                . = (. + _Min_Heap_Size)
 *fill*         0x200004d8      0x200 
                0x20000ad8                . = (. + _Min_Stack_Size)
 *fill*         0x200006d8      0x400 
                0x20000ad8                . = ALIGN (0x8)

/DISCARD/
 libc.a(*)
 libm.a(*)
 libgcc.a(*)

.ARM.attributes
                0x00000000       0x2a
 *(.ARM.attributes)
 .ARM.attributes
                0x00000000       0x1e d:/gcc-arm-none-eabi-10.3-2021.10/bin/../lib/gcc/arm-none-eabi/10.3.1/thumb/v7e-m/nofp/crti.o
 .ARM.attributes
                0x0000001e       0x2e d:/gcc-arm-none-eabi-10.3-2021.10/bin/../lib/gcc/arm-none-eabi/10.3.1/thumb/v7e-m/nofp/crtbegin.o
 .ARM.attributes
                0x0000004c       0x2e CMakeFiles/LCD.elf.dir/Core/Src/main.c.obj
 .ARM.attributes
                0x0000007a       0x2e CMakeFiles/LCD.elf.dir/Core/Src/st7796.c.obj
 .ARM.attributes
                0x000000a8       0x2e CMakeFiles/LCD.elf.dir/Core/Src/stm32l4xx_hal_msp.c.obj
 .ARM.attributes
                0x000000d6       0x2e CMakeFiles/LCD.elf.dir/Core/Src/stm32l4xx_it.c.obj
 .ARM.attributes
                0x00000104       0x2e CMakeFiles/LCD.elf.dir/Core/Src/system_stm32l4xx.c.obj
 .ARM.attributes
                0x00000132       0x21 CMakeFiles/LCD.elf.dir/Core/Startup/startup_stm32l476rgtx.s.obj
 .ARM.attributes
                0x00000153       0x2e CMakeFiles/LCD.elf.dir/Drivers/STM32L4xx_HAL_Driver/Src/stm32l4xx_hal.c.obj
 .ARM.attributes
                0x00000181       0x2e CMakeFiles/LCD.elf.dir/Drivers/STM32L4xx_HAL_Driver/Src/stm32l4xx_hal_cortex.c.obj
 .ARM.attributes
                0x000001af       0x2e CMakeFiles/LCD.elf.dir/Drivers/STM32L4xx_HAL_Driver/Src/stm32l4xx_hal_gpio.c.obj
 .ARM.attributes
                0x000001dd       0x2e CMakeFiles/LCD.elf.dir/Drivers/STM32L4xx_HAL_Driver/Src/stm32l4xx_hal_pwr_ex.c.obj
 .ARM.attributes
                0x0000020b       0x2e CMakeFiles/LCD.elf.dir/Drivers/STM32L4xx_HAL_Driver/Src/stm32l4xx_hal_rcc.c.obj
 .ARM.attributes
                0x00000239       0x2e CMakeFiles/LCD.elf.dir/Drivers/STM32L4xx_HAL_Driver/Src/stm32l4xx_hal_spi.c.obj
 .ARM.attributes
                0x00000267       0x2e d:/gcc-arm-none-eabi-10.3-2021.10/bin/../lib/gcc/arm-none-eabi/10.3.1/../../../../arm-none-eabi/lib/thumb/v7e-m/nofp\libg.a(lib_a-impure.o)
 .ARM.attributes
                0x00000295       0x2e d:/gcc-arm-none-eabi-10.3-2021.10/bin/../lib/gcc/arm-none-eabi/10.3.1/../../../../arm-none-eabi/lib/thumb/v7e-m/nofp\libg.a(lib_a-init.o)
 .ARM.attributes
                0x000002c3       0x2e d:/gcc-arm-none-eabi-10.3-2021.10/bin/../lib/gcc/arm-none-eabi/10.3.1/../../../../arm-none-eabi/lib/thumb/v7e-m/nofp\libg.a(lib_a-memset.o)
 .ARM.attributes
                0x000002f1       0x2e d:/gcc-arm-none-eabi-10.3-2021.10/bin/../lib/gcc/arm-none-eabi/10.3.1/../../../../arm-none-eabi/lib/thumb/v7e-m/nofp\libg.a(lib_a-__call_atexit.o)
 .ARM.attributes
                0x0000031f       0x2e d:/gcc-arm-none-eabi-10.3-2021.10/bin/../lib/gcc/arm-none-eabi/10.3.1/../../../../arm-none-eabi/lib/thumb/v7e-m/nofp\libg.a(lib_a-atexit.o)
 .ARM.attributes
                0x0000034d       0x2e d:/gcc-arm-none-eabi-10.3-2021.10/bin/../lib/gcc/arm-none-eabi/10.3.1/../../../../arm-none-eabi/lib/thumb/v7e-m/nofp\libg.a(lib_a-fini.o)
 .ARM.attributes
                0x0000037b       0x2e d:/gcc-arm-none-eabi-10.3-2021.10/bin/../lib/gcc/arm-none-eabi/10.3.1/../../../../arm-none-eabi/lib/thumb/v7e-m/nofp\libg.a(lib_a-lock.o)
 .ARM.attributes
                0x000003a9       0x2e d:/gcc-arm-none-eabi-10.3-2021.10/bin/../lib/gcc/arm-none-eabi/10.3.1/../../../../arm-none-eabi/lib/thumb/v7e-m/nofp\libg.a(lib_a-__atexit.o)
 .ARM.attributes
                0x000003d7       0x1e d:/gcc-arm-none-eabi-10.3-2021.10/bin/../lib/gcc/arm-none-eabi/10.3.1/thumb/v7e-m/nofp/crtn.o
OUTPUT(LCD.elf elf32-littlearm)
LOAD linker stubs
LOAD d:/gcc-arm-none-eabi-10.3-2021.10/bin/../lib/gcc/arm-none-eabi/10.3.1/../../../../arm-none-eabi/lib/thumb/v7e-m/nofp\libc.a
LOAD d:/gcc-arm-none-eabi-10.3-2021.10/bin/../lib/gcc/arm-none-eabi/10.3.1/../../../../arm-none-eabi/lib/thumb/v7e-m/nofp\libm.a
LOAD d:/gcc-arm-none-eabi-10.3-2021.10/bin/../lib/gcc/arm-none-eabi/10.3.1/thumb/v7e-m/nofp\libgcc.a

.debug_info     0x00000000     0xa22e
 .debug_info    0x00000000     0x1e7f CMakeFiles/LCD.elf.dir/Core/Src/main.c.obj
 .debug_info    0x00001e7f     0x1467 CMakeFiles/LCD.elf.dir/Core/Src/st7796.c.obj
 .debug_info    0x000032e6      0xa84 CMakeFiles/LCD.elf.dir/Core/Src/stm32l4xx_hal_msp.c.obj
 .debug_info    0x00003d6a      0x130 CMakeFiles/LCD.elf.dir/Core/Src/stm32l4xx_it.c.obj
 .debug_info    0x00003e9a      0x425 CMakeFiles/LCD.elf.dir/Core/Src/system_stm32l4xx.c.obj
 .debug_info    0x000042bf       0x22 CMakeFiles/LCD.elf.dir/Core/Startup/startup_stm32l476rgtx.s.obj
 .debug_info    0x000042e1      0xbc6 CMakeFiles/LCD.elf.dir/Drivers/STM32L4xx_HAL_Driver/Src/stm32l4xx_hal.c.obj
 .debug_info    0x00004ea7     0x10d1 CMakeFiles/LCD.elf.dir/Drivers/STM32L4xx_HAL_Driver/Src/stm32l4xx_hal_cortex.c.obj
 .debug_info    0x00005f78      0x857 CMakeFiles/LCD.elf.dir/Drivers/STM32L4xx_HAL_Driver/Src/stm32l4xx_hal_gpio.c.obj
 .debug_info    0x000067cf      0xaa2 CMakeFiles/LCD.elf.dir/Drivers/STM32L4xx_HAL_Driver/Src/stm32l4xx_hal_pwr_ex.c.obj
 .debug_info    0x00007271      0xf3f CMakeFiles/LCD.elf.dir/Drivers/STM32L4xx_HAL_Driver/Src/stm32l4xx_hal_rcc.c.obj
 .debug_info    0x000081b0     0x207e CMakeFiles/LCD.elf.dir/Drivers/STM32L4xx_HAL_Driver/Src/stm32l4xx_hal_spi.c.obj

.debug_abbrev   0x00000000     0x15bc
 .debug_abbrev  0x00000000      0x227 CMakeFiles/LCD.elf.dir/Core/Src/main.c.obj
 .debug_abbrev  0x00000227      0x23f CMakeFiles/LCD.elf.dir/Core/Src/st7796.c.obj
 .debug_abbrev  0x00000466      0x1a3 CMakeFiles/LCD.elf.dir/Core/Src/stm32l4xx_hal_msp.c.obj
 .debug_abbrev  0x00000609       0x7e CMakeFiles/LCD.elf.dir/Core/Src/stm32l4xx_it.c.obj
 .debug_abbrev  0x00000687      0x119 CMakeFiles/LCD.elf.dir/Core/Src/system_stm32l4xx.c.obj
 .debug_abbrev  0x000007a0       0x12 CMakeFiles/LCD.elf.dir/Core/Startup/startup_stm32l476rgtx.s.obj
 .debug_abbrev  0x000007b2      0x22a CMakeFiles/LCD.elf.dir/Drivers/STM32L4xx_HAL_Driver/Src/stm32l4xx_hal.c.obj
 .debug_abbrev  0x000009dc      0x361 CMakeFiles/LCD.elf.dir/Drivers/STM32L4xx_HAL_Driver/Src/stm32l4xx_hal_cortex.c.obj
 .debug_abbrev  0x00000d3d      0x1e6 CMakeFiles/LCD.elf.dir/Drivers/STM32L4xx_HAL_Driver/Src/stm32l4xx_hal_gpio.c.obj
 .debug_abbrev  0x00000f23      0x215 CMakeFiles/LCD.elf.dir/Drivers/STM32L4xx_HAL_Driver/Src/stm32l4xx_hal_pwr_ex.c.obj
 .debug_abbrev  0x00001138      0x251 CMakeFiles/LCD.elf.dir/Drivers/STM32L4xx_HAL_Driver/Src/stm32l4xx_hal_rcc.c.obj
 .debug_abbrev  0x00001389      0x233 CMakeFiles/LCD.elf.dir/Drivers/STM32L4xx_HAL_Driver/Src/stm32l4xx_hal_spi.c.obj

.debug_aranges  0x00000000      0x7b0
 .debug_aranges
                0x00000000       0x40 CMakeFiles/LCD.elf.dir/Core/Src/main.c.obj
 .debug_aranges
                0x00000040       0x88 CMakeFiles/LCD.elf.dir/Core/Src/st7796.c.obj
 .debug_aranges
                0x000000c8       0x30 CMakeFiles/LCD.elf.dir/Core/Src/stm32l4xx_hal_msp.c.obj
 .debug_aranges
                0x000000f8       0x60 CMakeFiles/LCD.elf.dir/Core/Src/stm32l4xx_it.c.obj
 .debug_aranges
                0x00000158       0x28 CMakeFiles/LCD.elf.dir/Core/Src/system_stm32l4xx.c.obj
 .debug_aranges
                0x00000180       0x28 CMakeFiles/LCD.elf.dir/Core/Startup/startup_stm32l476rgtx.s.obj
 .debug_aranges
                0x000001a8      0x130 CMakeFiles/LCD.elf.dir/Drivers/STM32L4xx_HAL_Driver/Src/stm32l4xx_hal.c.obj
 .debug_aranges
                0x000002d8       0xb8 CMakeFiles/LCD.elf.dir/Drivers/STM32L4xx_HAL_Driver/Src/stm32l4xx_hal_cortex.c.obj
 .debug_aranges
                0x00000390       0x58 CMakeFiles/LCD.elf.dir/Drivers/STM32L4xx_HAL_Driver/Src/stm32l4xx_hal_gpio.c.obj
 .debug_aranges
                0x000003e8      0x160 CMakeFiles/LCD.elf.dir/Drivers/STM32L4xx_HAL_Driver/Src/stm32l4xx_hal_pwr_ex.c.obj
 .debug_aranges
                0x00000548       0x90 CMakeFiles/LCD.elf.dir/Drivers/STM32L4xx_HAL_Driver/Src/stm32l4xx_hal_rcc.c.obj
 .debug_aranges
                0x000005d8      0x1d8 CMakeFiles/LCD.elf.dir/Drivers/STM32L4xx_HAL_Driver/Src/stm32l4xx_hal_spi.c.obj

.debug_ranges   0x00000000      0x788
 .debug_ranges  0x00000000       0x30 CMakeFiles/LCD.elf.dir/Core/Src/main.c.obj
 .debug_ranges  0x00000030       0x90 CMakeFiles/LCD.elf.dir/Core/Src/st7796.c.obj
 .debug_ranges  0x000000c0       0x20 CMakeFiles/LCD.elf.dir/Core/Src/stm32l4xx_hal_msp.c.obj
 .debug_ranges  0x000000e0       0x50 CMakeFiles/LCD.elf.dir/Core/Src/stm32l4xx_it.c.obj
 .debug_ranges  0x00000130       0x18 CMakeFiles/LCD.elf.dir/Core/Src/system_stm32l4xx.c.obj
 .debug_ranges  0x00000148       0x20 CMakeFiles/LCD.elf.dir/Core/Startup/startup_stm32l476rgtx.s.obj
 .debug_ranges  0x00000168      0x120 CMakeFiles/LCD.elf.dir/Drivers/STM32L4xx_HAL_Driver/Src/stm32l4xx_hal.c.obj
 .debug_ranges  0x00000288      0x108 CMakeFiles/LCD.elf.dir/Drivers/STM32L4xx_HAL_Driver/Src/stm32l4xx_hal_cortex.c.obj
 .debug_ranges  0x00000390       0x48 CMakeFiles/LCD.elf.dir/Drivers/STM32L4xx_HAL_Driver/Src/stm32l4xx_hal_gpio.c.obj
 .debug_ranges  0x000003d8      0x150 CMakeFiles/LCD.elf.dir/Drivers/STM32L4xx_HAL_Driver/Src/stm32l4xx_hal_pwr_ex.c.obj
 .debug_ranges  0x00000528       0x98 CMakeFiles/LCD.elf.dir/Drivers/STM32L4xx_HAL_Driver/Src/stm32l4xx_hal_rcc.c.obj
 .debug_ranges  0x000005c0      0x1c8 CMakeFiles/LCD.elf.dir/Drivers/STM32L4xx_HAL_Driver/Src/stm32l4xx_hal_spi.c.obj

.debug_line     0x00000000     0x6de9
 .debug_line    0x00000000      0x5a4 CMakeFiles/LCD.elf.dir/Core/Src/main.c.obj
 .debug_line    0x000005a4      0x51b CMakeFiles/LCD.elf.dir/Core/Src/st7796.c.obj
 .debug_line    0x00000abf      0x2e7 CMakeFiles/LCD.elf.dir/Core/Src/stm32l4xx_hal_msp.c.obj
 .debug_line    0x00000da6      0x1bf CMakeFiles/LCD.elf.dir/Core/Src/stm32l4xx_it.c.obj
 .debug_line    0x00000f65      0x28b CMakeFiles/LCD.elf.dir/Core/Src/system_stm32l4xx.c.obj
 .debug_line    0x000011f0       0xa8 CMakeFiles/LCD.elf.dir/Core/Startup/startup_stm32l476rgtx.s.obj
 .debug_line    0x00001298      0x6fc CMakeFiles/LCD.elf.dir/Drivers/STM32L4xx_HAL_Driver/Src/stm32l4xx_hal.c.obj
 .debug_line    0x00001994      0x7f2 CMakeFiles/LCD.elf.dir/Drivers/STM32L4xx_HAL_Driver/Src/stm32l4xx_hal_cortex.c.obj
 .debug_line    0x00002186      0x70d CMakeFiles/LCD.elf.dir/Drivers/STM32L4xx_HAL_Driver/Src/stm32l4xx_hal_gpio.c.obj
 .debug_line    0x00002893      0xb40 CMakeFiles/LCD.elf.dir/Drivers/STM32L4xx_HAL_Driver/Src/stm32l4xx_hal_pwr_ex.c.obj
 .debug_line    0x000033d3      0xf3a CMakeFiles/LCD.elf.dir/Drivers/STM32L4xx_HAL_Driver/Src/stm32l4xx_hal_rcc.c.obj
 .debug_line    0x0000430d     0x2adc CMakeFiles/LCD.elf.dir/Drivers/STM32L4xx_HAL_Driver/Src/stm32l4xx_hal_spi.c.obj

.debug_str      0x00000000     0x2ad2
 .debug_str     0x00000000      0x96b CMakeFiles/LCD.elf.dir/Core/Src/main.c.obj
                                0xa1a (size before relaxing)
 .debug_str     0x0000096b      0x196 CMakeFiles/LCD.elf.dir/Core/Src/st7796.c.obj
                                0x7e7 (size before relaxing)
 .debug_str     0x00000b01       0x7e CMakeFiles/LCD.elf.dir/Core/Src/stm32l4xx_hal_msp.c.obj
                                0x7da (size before relaxing)
 .debug_str     0x00000b7f       0xd7 CMakeFiles/LCD.elf.dir/Core/Src/stm32l4xx_it.c.obj
                                0x261 (size before relaxing)
 .debug_str     0x00000c56       0xbe CMakeFiles/LCD.elf.dir/Core/Src/system_stm32l4xx.c.obj
                                0x3b7 (size before relaxing)
 .debug_str     0x00000d14       0x56 CMakeFiles/LCD.elf.dir/Core/Startup/startup_stm32l476rgtx.s.obj
                                 0x8b (size before relaxing)
 .debug_str     0x00000d6a      0x99e CMakeFiles/LCD.elf.dir/Drivers/STM32L4xx_HAL_Driver/Src/stm32l4xx_hal.c.obj
                                0xd20 (size before relaxing)
 .debug_str     0x00001708      0x4fa CMakeFiles/LCD.elf.dir/Drivers/STM32L4xx_HAL_Driver/Src/stm32l4xx_hal_cortex.c.obj
                                0xc84 (size before relaxing)
 .debug_str     0x00001c02      0x144 CMakeFiles/LCD.elf.dir/Drivers/STM32L4xx_HAL_Driver/Src/stm32l4xx_hal_gpio.c.obj
                                0x572 (size before relaxing)
 .debug_str     0x00001d46      0x595 CMakeFiles/LCD.elf.dir/Drivers/STM32L4xx_HAL_Driver/Src/stm32l4xx_hal_pwr_ex.c.obj
                                0x881 (size before relaxing)
 .debug_str     0x000022db      0x25d CMakeFiles/LCD.elf.dir/Drivers/STM32L4xx_HAL_Driver/Src/stm32l4xx_hal_rcc.c.obj
                                0x8ce (size before relaxing)
 .debug_str     0x00002538      0x59a CMakeFiles/LCD.elf.dir/Drivers/STM32L4xx_HAL_Driver/Src/stm32l4xx_hal_spi.c.obj
                                0xc0d (size before relaxing)

.comment        0x00000000       0x49
 .comment       0x00000000       0x49 CMakeFiles/LCD.elf.dir/Core/Src/main.c.obj
                                 0x4a (size before relaxing)
 .comment       0x00000049       0x4a CMakeFiles/LCD.elf.dir/Core/Src/st7796.c.obj
 .comment       0x00000049       0x4a CMakeFiles/LCD.elf.dir/Core/Src/stm32l4xx_hal_msp.c.obj
 .comment       0x00000049       0x4a CMakeFiles/LCD.elf.dir/Core/Src/stm32l4xx_it.c.obj
 .comment       0x00000049       0x4a CMakeFiles/LCD.elf.dir/Core/Src/system_stm32l4xx.c.obj
 .comment       0x00000049       0x4a CMakeFiles/LCD.elf.dir/Drivers/STM32L4xx_HAL_Driver/Src/stm32l4xx_hal.c.obj
 .comment       0x00000049       0x4a CMakeFiles/LCD.elf.dir/Drivers/STM32L4xx_HAL_Driver/Src/stm32l4xx_hal_cortex.c.obj
 .comment       0x00000049       0x4a CMakeFiles/LCD.elf.dir/Drivers/STM32L4xx_HAL_Driver/Src/stm32l4xx_hal_gpio.c.obj
 .comment       0x00000049       0x4a CMakeFiles/LCD.elf.dir/Drivers/STM32L4xx_HAL_Driver/Src/stm32l4xx_hal_pwr_ex.c.obj
 .comment       0x00000049       0x4a CMakeFiles/LCD.elf.dir/Drivers/STM32L4xx_HAL_Driver/Src/stm32l4xx_hal_rcc.c.obj
 .comment       0x00000049       0x4a CMakeFiles/LCD.elf.dir/Drivers/STM32L4xx_HAL_Driver/Src/stm32l4xx_hal_spi.c.obj

.debug_frame    0x00000000     0x1434
 .debug_frame   0x00000000       0x94 CMakeFiles/LCD.elf.dir/Core/Src/main.c.obj
 .debug_frame   0x00000094      0x180 CMakeFiles/LCD.elf.dir/Core/Src/st7796.c.obj
 .debug_frame   0x00000214       0x64 CMakeFiles/LCD.elf.dir/Core/Src/stm32l4xx_hal_msp.c.obj
 .debug_frame   0x00000278       0xa8 CMakeFiles/LCD.elf.dir/Core/Src/stm32l4xx_it.c.obj
 .debug_frame   0x00000320       0x30 CMakeFiles/LCD.elf.dir/Core/Src/system_stm32l4xx.c.obj
 .debug_frame   0x00000350      0x274 CMakeFiles/LCD.elf.dir/Drivers/STM32L4xx_HAL_Driver/Src/stm32l4xx_hal.c.obj
 .debug_frame   0x000005c4      0x168 CMakeFiles/LCD.elf.dir/Drivers/STM32L4xx_HAL_Driver/Src/stm32l4xx_hal_cortex.c.obj
 .debug_frame   0x0000072c       0xd0 CMakeFiles/LCD.elf.dir/Drivers/STM32L4xx_HAL_Driver/Src/stm32l4xx_hal_gpio.c.obj
 .debug_frame   0x000007fc      0x2b8 CMakeFiles/LCD.elf.dir/Drivers/STM32L4xx_HAL_Driver/Src/stm32l4xx_hal_pwr_ex.c.obj
 .debug_frame   0x00000ab4      0x19c CMakeFiles/LCD.elf.dir/Drivers/STM32L4xx_HAL_Driver/Src/stm32l4xx_hal_rcc.c.obj
 .debug_frame   0x00000c50      0x5f8 CMakeFiles/LCD.elf.dir/Drivers/STM32L4xx_HAL_Driver/Src/stm32l4xx_hal_spi.c.obj
 .debug_frame   0x00001248       0x2c d:/gcc-arm-none-eabi-10.3-2021.10/bin/../lib/gcc/arm-none-eabi/10.3.1/../../../../arm-none-eabi/lib/thumb/v7e-m/nofp\libg.a(lib_a-init.o)
 .debug_frame   0x00001274       0x2c d:/gcc-arm-none-eabi-10.3-2021.10/bin/../lib/gcc/arm-none-eabi/10.3.1/../../../../arm-none-eabi/lib/thumb/v7e-m/nofp\libg.a(lib_a-memset.o)
 .debug_frame   0x000012a0       0x5c d:/gcc-arm-none-eabi-10.3-2021.10/bin/../lib/gcc/arm-none-eabi/10.3.1/../../../../arm-none-eabi/lib/thumb/v7e-m/nofp\libg.a(lib_a-__call_atexit.o)
 .debug_frame   0x000012fc       0x20 d:/gcc-arm-none-eabi-10.3-2021.10/bin/../lib/gcc/arm-none-eabi/10.3.1/../../../../arm-none-eabi/lib/thumb/v7e-m/nofp\libg.a(lib_a-atexit.o)
 .debug_frame   0x0000131c       0x34 d:/gcc-arm-none-eabi-10.3-2021.10/bin/../lib/gcc/arm-none-eabi/10.3.1/../../../../arm-none-eabi/lib/thumb/v7e-m/nofp\libg.a(lib_a-fini.o)
 .debug_frame   0x00001350       0xb0 d:/gcc-arm-none-eabi-10.3-2021.10/bin/../lib/gcc/arm-none-eabi/10.3.1/../../../../arm-none-eabi/lib/thumb/v7e-m/nofp\libg.a(lib_a-lock.o)
 .debug_frame   0x00001400       0x34 d:/gcc-arm-none-eabi-10.3-2021.10/bin/../lib/gcc/arm-none-eabi/10.3.1/../../../../arm-none-eabi/lib/thumb/v7e-m/nofp\libg.a(lib_a-__atexit.o)

.debug_loc      0x00000000     0x4307
 .debug_loc     0x00000000      0x323 CMakeFiles/LCD.elf.dir/Core/Src/st7796.c.obj
 .debug_loc     0x00000323       0x84 CMakeFiles/LCD.elf.dir/Core/Src/stm32l4xx_hal_msp.c.obj
 .debug_loc     0x000003a7      0x127 CMakeFiles/LCD.elf.dir/Core/Src/system_stm32l4xx.c.obj
 .debug_loc     0x000004ce      0x1ef CMakeFiles/LCD.elf.dir/Drivers/STM32L4xx_HAL_Driver/Src/stm32l4xx_hal.c.obj
 .debug_loc     0x000006bd      0x744 CMakeFiles/LCD.elf.dir/Drivers/STM32L4xx_HAL_Driver/Src/stm32l4xx_hal_cortex.c.obj
 .debug_loc     0x00000e01      0x3da CMakeFiles/LCD.elf.dir/Drivers/STM32L4xx_HAL_Driver/Src/stm32l4xx_hal_gpio.c.obj
 .debug_loc     0x000011db      0xb06 CMakeFiles/LCD.elf.dir/Drivers/STM32L4xx_HAL_Driver/Src/stm32l4xx_hal_pwr_ex.c.obj
 .debug_loc     0x00001ce1      0x81c CMakeFiles/LCD.elf.dir/Drivers/STM32L4xx_HAL_Driver/Src/stm32l4xx_hal_rcc.c.obj
 .debug_loc     0x000024fd     0x1e0a CMakeFiles/LCD.elf.dir/Drivers/STM32L4xx_HAL_Driver/Src/stm32l4xx_hal_spi.c.obj
